Microchip MPLAB XC8 Compiler V1.43 ()

Linker command line:

-W-3 --edf=/usr/microchip/xc8/v1.43/dat/en_msgs.txt -cs \
  -h+dist/default/debug/PIC16F877_RTC.X.debug.sym \
  --cmf=dist/default/debug/PIC16F877_RTC.X.debug.cmf -z -Q16F887 \
  -o/tmp/xcXYd0orj -Mdist/default/debug/PIC16F877_RTC.X.debug.map -E1 \
  -ver=XC8 -ASTACK=0110h-016fh -pstack=STACK \
  -ACODE=00h-07FFhx3,01800h-01EFFh -ASTRCODE=00h-01EFFh \
  -ASTRING=00h-0FFhx31 -ACONST=00h-0FFhx31 -AENTRY=00h-0FFhx31 \
  -ACOMMON=071h-07Fh -ABANK0=020h-06Fh -ABANK1=0A0h-0EFh \
  -ABANK2=0110h-016Fh -ABANK3=0190h-01E4h \
  -ARAM=020h-06Fh,0A0h-0EFh,0110h-016Fh,0190h-01E4h \
  -AABS1=020h-07Fh,0A0h-0EFh,0110h-016Fh,0190h-01EFh -ASFR0=00h-01Fh \
  -ASFR1=080h-09Fh -ASFR2=0100h-010Fh -ASFR3=0180h-018Fh \
  -preset_vec=00h,intentry,init,end_init -ppowerup=CODE -pcinit=CODE \
  -pfunctab=ENTRY -ACONFIG=02007h-02008h -pconfig=CONFIG -DCONFIG=2 \
  -AIDLOC=02000h-02003h -pidloc=IDLOC -DIDLOC=2 -AEEDATA=00h-0FFh/02100h \
  -peeprom_data=EEDATA -DEEDATA=2 -DCODE=2 -DSTRCODE=2 -DSTRING=2 -DCONST=2 \
  -DENTRY=2 -k /tmp/xcXgeo2BE.obj \
  dist/default/debug/PIC16F877_RTC.X.debug.obj 

Object code version is 3.11

Machine type is 16F887



                Name                               Link     Load   Length Selector   Space Scale
/tmp/xcXgeo2BE.obj
                end_init                              1        1        3        0       0
                reset_vec                             0        0        1        0       0
                config                             2007     2007        2     400E       0
dist/default/debug/PIC16F877_RTC.X.debug.obj
                cinit                               7F0      7F0       10      FE0       0
                text19                              36A      36A        7      6D4       0
                text18                              371      371        7      6E2       0
                text17                              382      382        B      704       0
                text16                              3FF      3FF       20      7FE       0
                text15                              35E      35E        6      6BC       0
                text14                              364      364        6      6C8       0
                text13                              398      398        D      730       0
                text12                              5DB      5DB       7F      BB6       0
                text11                              3A5      3A5        E      74A       0
                text10                              41F      41F       20      83E       0
                text9                               51D      51D       5A      A3A       0
                text8                               4C4      4C4       59      988       0
                text7                               479      479       4B      8F2       0
                text6                               43F      43F       3A      87E       0
                text5                               3B3      3B3       11      766       0
                text4                               3E9      3E9       16      7D2       0
                text3                               38D      38D        B      71A       0
                text2                               3D5      3D5       14      7AA       0
                text1                               577      577       64      AEE       0
                maintext                            65A      65A      196      CB4       0
                cstackBANK0                          20       20       15       20       1
                cstackCOMMON                         71       71        C       71       1
                inittext                            3C4      3C4       11      788       0
                dataBANK0                            35       35        A       20       1
                idataBANK0                          378      378        A      6F0       0

TOTAL           Name                               Link     Load   Length     Space
        CLASS   STACK          

        CLASS   CODE           
                end_init                              1        1        3         0
                cinit                               7F0      7F0       10         0
                reset_vec                             0        0        1         0
                text19                              36A      36A        7         0
                text18                              371      371        7         0
                text17                              382      382        B         0
                text16                              3FF      3FF       20         0
                text15                              35E      35E        6         0
                text14                              364      364        6         0
                text13                              398      398        D         0
                text12                              5DB      5DB       7F         0
                text11                              3A5      3A5        E         0
                text10                              41F      41F       20         0
                text9                               51D      51D       5A         0
                text8                               4C4      4C4       59         0
                text7                               479      479       4B         0
                text6                               43F      43F       3A         0
                text5                               3B3      3B3       11         0
                text4                               3E9      3E9       16         0
                text3                               38D      38D        B         0
                text2                               3D5      3D5       14         0
                text1                               577      577       64         0
                maintext                            65A      65A      196         0
                inittext                            3C4      3C4       11         0
                idataBANK0                          378      378        A         0

        CLASS   STRCODE        

        CLASS   STRING         

        CLASS   CONST          

        CLASS   ENTRY          

        CLASS   COMMON         
                cstackCOMMON                         71       71        C         1

        CLASS   BANK0          
                cstackBANK0                          20       20       15         1
                dataBANK0                            35       35        A         1

        CLASS   BANK1          

        CLASS   BANK2          

        CLASS   BANK3          

        CLASS   RAM            

        CLASS   ABS1           
                abs_s1                               7E       7E        2         1

        CLASS   SFR0           

        CLASS   SFR1           

        CLASS   SFR2           

        CLASS   SFR3           

        CLASS   CONFIG         
                config                             2007     2007        2         0

        CLASS   IDLOC          

        CLASS   EEDATA         



SEGMENTS        Name                           Load    Length   Top    Selector   Space  Class     Delta

                reset_vec                      000000  000004  000004         0       0  CODE        2
                cstackBANK0                    000020  00001F  00003F        20       1  BANK0       1
                cstackCOMMON                   000071  00000C  00007D        71       1  COMMON      1
                text15                         00035E  000006  000364       6BC       0  CODE        2
                text14                         000364  000006  00036A       6C8       0  CODE        2
                text19                         00036A  000007  000371       6D4       0  CODE        2
                text18                         000371  000007  000378       6E2       0  CODE        2
                idataBANK0                     000378  00000A  000382       6F0       0  CODE        2
                text17                         000382  00000B  00038D       704       0  CODE        2
                text3                          00038D  00000B  000398       71A       0  CODE        2
                text13                         000398  00000D  0003A5       730       0  CODE        2
                text11                         0003A5  00000E  0003B3       74A       0  CODE        2
                text5                          0003B3  000011  0003C4       766       0  CODE        2
                inittext                       0003C4  000011  0003D5       788       0  CODE        2
                text2                          0003D5  000014  0003E9       7AA       0  CODE        2
                text4                          0003E9  000016  0003FF       7D2       0  CODE        2
                text16                         0003FF  000020  00041F       7FE       0  CODE        2
                text10                         00041F  000020  00043F       83E       0  CODE        2
                text6                          00043F  00003A  000479       87E       0  CODE        2
                text7                          000479  00004B  0004C4       8F2       0  CODE        2
                text8                          0004C4  000059  00051D       988       0  CODE        2
                text9                          00051D  00005A  000577       A3A       0  CODE        2
                text1                          000577  000064  0005DB       AEE       0  CODE        2
                text12                         0005DB  00007F  00065A       BB6       0  CODE        2
                maintext                       00065A  000196  0007F0       CB4       0  CODE        2
                cinit                          0007F0  000010  000800       FE0       0  CODE        2
                config                         002007  000002  002009      400E       0  CONFIG      2


UNUSED ADDRESS RANGES

        Name                Unused          Largest block    Delta
        BANK0            003F-006F             31           1
        BANK1            00A0-00EF             50           1
        BANK2            0110-016F             60           1
        BANK3            0190-01E4             55           1
        CODE             0004-035D            35A           2
                         0800-1EFF            800
        COMMON           007D-007D              1           1
        CONST            0004-035D            100           2
                         0800-1EFF            100
        EEDATA           2100-21FF            100           2
        ENTRY            0004-035D            100           2
                         0800-1EFF            100
        IDLOC            2000-2003              4           2
        RAM              003F-006F             31           1
                         00A0-00EF             50
                         0110-016F             60
                         0190-01E4             55
        SFR0             0000-001F             20           1
        SFR1             0080-009F             20           1
        SFR2             0100-010F             10           1
        SFR3             0180-018F             10           1
        STACK            0110-016F             60           1
        STRCODE          0004-035D            35A           2
                         0800-1EFF           1700
        STRING           0004-035D            100           2
                         0800-1EFF            100

                                  Symbol Table

?___awdiv                   cstackCOMMON 0071
?___awmod                   cstackCOMMON 0071
DELAY_ms@ms_count           cstackCOMMON 0073
DELAY_us@us_count           cstackCOMMON 0071
I2C_Read@v_ackOption_u8     cstackCOMMON 0072
I2C_Read@v_i2cData_u8       cstackCOMMON 0073
I2C_Write@v_i2cData_u8      cstackCOMMON 0071
RTC_GetDateTime@rtc         cstackCOMMON 0075
RTC_SetDateTime@rtc         cstackCOMMON 0072
_ACKDT                      (abs)        048D
_ACKEN                      (abs)        048C
_ANSELHbits                 (abs)        0189
_ANSELbits                  (abs)        0188
_BF                         (abs)        04A0
_DELAY_ms                   text2        03D5
_DELAY_us                   text3        038D
_I2C_Init                   text11       03A5
_I2C_Read                   text16       03FF
_I2C_Start                  text15       035E
_I2C_Stop                   text14       0364
_I2C_Write                  text13       0398
_IOCB                       (abs)        0096
_OPTION_REGbits             (abs)        0081
_PEN                        (abs)        048A
_PORTB                      (abs)        0006
_PORTBbits                  (abs)        0006
_PORTCbits                  (abs)        0007
_PORTD                      (abs)        0008
_RCEN                       (abs)        048B
_RSEN                       (abs)        0489
_RTC_GetDateTime            text12       05DB
_RTC_Init                   text10       041F
_RTC_SetDateTime            text9        051D
_R_W                        (abs)        04A2
_SEN                        (abs)        0488
_SSPADD                     (abs)        0093
_SSPBUF                     (abs)        0013
_SSPCON                     (abs)        0014
_SSPSTAT                    (abs)        0094
_TRISBbits                  (abs)        0086
_TRISC3                     (abs)        043B
_TRISC4                     (abs)        043C
_TRISCbits                  (abs)        0087
_TRISD                      (abs)        0088
_TRISEbits                  (abs)        0089
_WPUBbits                   (abs)        0095
__CFG_BOREN$OFF             (abs)        0000
__CFG_CP$OFF                (abs)        0000
__CFG_CPD$OFF               (abs)        0000
__CFG_FOSC$HS               (abs)        0000
__CFG_LVP$OFF               (abs)        0000
__CFG_PWRTE$OFF             (abs)        0000
__CFG_WDTE$OFF              (abs)        0000
__CFG_WRT$OFF               (abs)        0000
__Habs1                     abs1         0000
__Hbank0                    bank0        0000
__Hbank1                    bank1        0000
__Hbank2                    bank2        0000
__Hbank3                    bank3        0000
__Hcinit                    cinit        0800
__Hclrtext                  clrtext      0000
__Hcode                     code         0000
__Hcommon                   common       0000
__Hconfig                   config       2009
__HcstackBANK0              cstackBANK0  0000
__HcstackCOMMON             cstackCOMMON 0000
__HdataBANK0                dataBANK0    0000
__Heeprom_data              eeprom_data  0000
__Hend_init                 end_init     0004
__Hfunctab                  functab      0000
__HidataBANK0               idataBANK0   0000
__Hidloc                    idloc        0000
__Hinit                     init         0001
__Hinittext                 inittext     0000
__Hintentry                 intentry     0001
__Hmaintext                 maintext     0000
__Hpowerup                  powerup      0000
__Hram                      ram          0000
__Hreset_vec                reset_vec    0001
__Hsfr0                     sfr0         0000
__Hsfr1                     sfr1         0000
__Hsfr2                     sfr2         0000
__Hsfr3                     sfr3         0000
__Hspace_0                  (abs)        2009
__Hspace_1                  (abs)        007D
__Hspace_2                  (abs)        0000
__Hspace_3                  (abs)        0000
__Hstack                    stack        0000
__Hstrings                  strings      0000
__Htext                     text         0000
__Labs1                     abs1         0000
__Lbank0                    bank0        0000
__Lbank1                    bank1        0000
__Lbank2                    bank2        0000
__Lbank3                    bank3        0000
__Lcinit                    cinit        07F0
__Lclrtext                  clrtext      0000
__Lcode                     code         0000
__Lcommon                   common       0000
__Lconfig                   config       2007
__LcstackBANK0              cstackBANK0  0000
__LcstackCOMMON             cstackCOMMON 0000
__LdataBANK0                dataBANK0    0000
__Leeprom_data              eeprom_data  0000
__Lend_init                 end_init     0001
__Lfunctab                  functab      0000
__LidataBANK0               idataBANK0   0000
__Lidloc                    idloc        0000
__Linit                     init         0001
__Linittext                 inittext     0000
__Lintentry                 intentry     0001
__Lmaintext                 maintext     0000
__Lpowerup                  powerup      0000
__Lram                      ram          0000
__Lreset_vec                reset_vec    0000
__Lsfr0                     sfr0         0000
__Lsfr1                     sfr1         0000
__Lsfr2                     sfr2         0000
__Lsfr3                     sfr3         0000
__Lspace_0                  (abs)        0000
__Lspace_1                  (abs)        0000
__Lspace_2                  (abs)        0000
__Lspace_3                  (abs)        0000
__Lstack                    stack        0000
__Lstrings                  strings      0000
__Ltext                     text         0000
__S0                        (abs)        2009
__S1                        (abs)        007D
__S2                        (abs)        0000
__S3                        (abs)        0000
___awdiv                    text8        04C4
___awdiv@counter            cstackCOMMON 0076
___awdiv@dividend           cstackCOMMON 0073
___awdiv@divisor            cstackCOMMON 0071
___awdiv@quotient           cstackCOMMON 0078
___awdiv@sign               cstackCOMMON 0077
___awmod                    text7        0479
___awmod@counter            cstackCOMMON 0076
___awmod@dividend           cstackCOMMON 0073
___awmod@divisor            cstackCOMMON 0071
___awmod@sign               cstackCOMMON 0077
___bmul                     text5        03B3
___bmul@multiplicand        cstackCOMMON 0071
___bmul@multiplier          cstackCOMMON 0074
___bmul@product             cstackCOMMON 0073
___int_sp                   stack        0000
___latbits                  (abs)        0002
___sp                       stack        0000
__end_of_DELAY_ms           text2        03E9
__end_of_DELAY_us           text3        0398
__end_of_I2C_Init           text11       03B3
__end_of_I2C_Read           text16       041F
__end_of_I2C_Start          text15       0364
__end_of_I2C_Stop           text14       036A
__end_of_I2C_Write          text13       03A5
__end_of_RTC_GetDateTime    text12       065A
__end_of_RTC_Init           text10       043F
__end_of_RTC_SetDateTime    text9        0577
__end_of___awdiv            text8        051D
__end_of___awmod            text7        04C4
__end_of___bmul             text5        03C4
__end_of__initialization    cinit        07FC
__end_of_i2c_Ack            text19       0371
__end_of_i2c_NoAck          text18       0378
__end_of_i2c_WaitForIdle    text17       038D
__end_of_main               maintext     07F0
__end_of_ui8Dec2HexDisplay  text6        0479
__end_of_ui8Hex2DECDisplay  text4        03FF
__end_of_vDisplay           text1        05DB
__initialization            cinit        07F0
__pcstackBANK0              cstackBANK0  0020
__pcstackCOMMON             cstackCOMMON 0071
__pdataBANK0                dataBANK0    0035
__pidataBANK0               idataBANK0   0378
__pmaintext                 maintext     065A
__ptext1                    text1        0577
__ptext10                   text10       041F
__ptext11                   text11       03A5
__ptext12                   text12       05DB
__ptext13                   text13       0398
__ptext14                   text14       0364
__ptext15                   text15       035E
__ptext16                   text16       03FF
__ptext17                   text17       0382
__ptext18                   text18       0371
__ptext19                   text19       036A
__ptext2                    text2        03D5
__ptext3                    text3        038D
__ptext4                    text4        03E9
__ptext5                    text5        03B3
__ptext6                    text6        043F
__ptext7                    text7        0479
__ptext8                    text8        04C4
__ptext9                    text9        051D
__size_of_DELAY_ms          (abs)        0000
__size_of_DELAY_us          (abs)        0000
__size_of_I2C_Init          (abs)        0000
__size_of_I2C_Read          (abs)        0000
__size_of_I2C_Start         (abs)        0000
__size_of_I2C_Stop          (abs)        0000
__size_of_I2C_Write         (abs)        0000
__size_of_RTC_GetDateTime   (abs)        0000
__size_of_RTC_Init          (abs)        0000
__size_of_RTC_SetDateTime   (abs)        0000
__size_of___awdiv           (abs)        0000
__size_of___awmod           (abs)        0000
__size_of___bmul            (abs)        0000
__size_of_i2c_Ack           (abs)        0000
__size_of_i2c_NoAck         (abs)        0000
__size_of_i2c_WaitForIdle   (abs)        0000
__size_of_main              (abs)        0000
__size_of_ui8Dec2HexDisplay (abs)        0000
__size_of_ui8Hex2DECDisplay (abs)        0000
__size_of_vDisplay          (abs)        0000
_i2c_Ack                    text19       036A
_i2c_NoAck                  text18       0371
_i2c_WaitForIdle            text17       0382
_main                       maintext     065A
_ucBCD_ARR                  dataBANK0    0035
_ui8Dec2HexDisplay          text6        043F
_ui8Hex2DECDisplay          text4        03E9
_vDisplay                   text1        0577
btemp                       (abs)        007E
end_of_initialization       cinit        07FC
init_fetch0                 inittext     03C4
init_ram0                   inittext     03C8
intlevel0                   functab      0000
intlevel1                   functab      0000
intlevel2                   functab      0000
intlevel3                   functab      0000
intlevel4                   functab      0000
intlevel5                   functab      0000
main@rtc                    cstackBANK0  002E
main@ucDate                 cstackBANK0  002B
main@ucHours                cstackBANK0  002A
main@ucMin                  cstackBANK0  0029
main@ucMonth                cstackBANK0  002C
main@ucSec                  cstackBANK0  0028
main@ucYear                 cstackBANK0  0026
main@ui8SetMode             cstackBANK0  0027
main@ui8SetValue            cstackBANK0  002D
reset_vec                   reset_vec    0000
stackhi                     (abs)        0000
stacklo                     (abs)        0000
start                       init         0001
start_initialization        cinit        07F0
ui8Dec2HexDisplay@ui8Input  cstackBANK0  0021
ui8Dec2HexDisplay@ui8Output cstackBANK0  0020
ui8Dec2HexDisplay@ui8Temp   cstackBANK0  0022
ui8Hex2DECDisplay@ui8Input  cstackCOMMON 0078
ui8Hex2DECDisplay@ui8Temp   cstackCOMMON 0077
vDisplay@ui8First           cstackCOMMON 0079
vDisplay@ui8Fourth          cstackCOMMON 0077
vDisplay@ui8Second          cstackCOMMON 0075
vDisplay@ui8Thrd            cstackCOMMON 0076
wtemp0                      (abs)        007E


FUNCTION INFORMATION:

 *************** function _main *****************
 Defined at:
		line 23 in file "main.c"
 Parameters:    Size  Location     Type
		None
 Auto vars:     Size  Location     Type
  rtc             7   14[BANK0 ] struct .
  ui8SetValue     1   13[BANK0 ] unsigned char 
  ucMonth         1   12[BANK0 ] unsigned char 
  ucDate          1   11[BANK0 ] unsigned char 
  ucHours         1   10[BANK0 ] unsigned char 
  ucMin           1    9[BANK0 ] unsigned char 
  ucSec           1    8[BANK0 ] unsigned char 
  ui8SetMode      1    7[BANK0 ] unsigned char 
  ucYear          1    6[BANK0 ] unsigned char 
 Return value:  Size  Location     Type
                  2   42[None  ] int 
 Registers used:
		wreg, fsr0l, fsr0h, status,2, status,0, pclath, cstack
 Tracked objects:
		On entry : 
		On exit  : 
		Unchanged: 
 Data sizes:     COMMON   BANK0   BANK1   BANK3   BANK2
      Params:         0       0       0       0       0
      Locals:         0      15       0       0       0
      Temps:          0       3       0       0       0
      Totals:         0      18       0       0       0
Total ram usage:       18 bytes
 Hardware stack levels required when called:    3
 This function calls:
		_DELAY_ms
		_RTC_GetDateTime
		_RTC_Init
		_RTC_SetDateTime
		_ui8Dec2HexDisplay
		_ui8Hex2DECDisplay
		_vDisplay
 This function is called by:
		Startup code after reset
 This function uses a non-reentrant model


 *************** function _vDisplay *****************
 Defined at:
		line 12 in file "display.c"
 Parameters:    Size  Location     Type
  ui8First        1    wreg     unsigned char 
  ui8Second       1    4[COMMON] unsigned char 
  ui8Thrd         1    5[COMMON] unsigned char 
  ui8Fourth       1    6[COMMON] unsigned char 
 Auto vars:     Size  Location     Type
  ui8First        1    8[COMMON] unsigned char 
 Return value:  Size  Location     Type
                  1    wreg      void 
 Registers used:
		wreg, fsr0l, fsr0h, status,2, status,0, pclath, cstack
 Tracked objects:
		On entry : 
		On exit  : 
		Unchanged: 
 Data sizes:     COMMON   BANK0   BANK1   BANK3   BANK2
      Params:         3       0       0       0       0
      Locals:         1       0       0       0       0
      Temps:          1       0       0       0       0
      Totals:         5       0       0       0       0
Total ram usage:        5 bytes
 Hardware stack levels used:    1
 Hardware stack levels required when called:    2
 This function calls:
		_DELAY_ms
 This function is called by:
		_main
 This function uses a non-reentrant model


 *************** function _DELAY_ms *****************
 Defined at:
		line 75 in file "delay.c"
 Parameters:    Size  Location     Type
  ms_count        2    2[COMMON] unsigned int 
 Auto vars:     Size  Location     Type
		None
 Return value:  Size  Location     Type
                  1    wreg      void 
 Registers used:
		wreg, status,2, status,0, pclath, cstack
 Tracked objects:
		On entry : 
		On exit  : 
		Unchanged: 
 Data sizes:     COMMON   BANK0   BANK1   BANK3   BANK2
      Params:         2       0       0       0       0
      Locals:         0       0       0       0       0
      Temps:          0       0       0       0       0
      Totals:         2       0       0       0       0
Total ram usage:        2 bytes
 Hardware stack levels used:    1
 Hardware stack levels required when called:    1
 This function calls:
		_DELAY_us
 This function is called by:
		_main
		_vDisplay
		_DELAY_sec
 This function uses a non-reentrant model


 *************** function _DELAY_us *****************
 Defined at:
		line 56 in file "delay.c"
 Parameters:    Size  Location     Type
  us_count        2    0[COMMON] unsigned int 
 Auto vars:     Size  Location     Type
		None
 Return value:  Size  Location     Type
                  1    wreg      void 
 Registers used:
		wreg, status,2, status,0
 Tracked objects:
		On entry : 
		On exit  : 
		Unchanged: 
 Data sizes:     COMMON   BANK0   BANK1   BANK3   BANK2
      Params:         2       0       0       0       0
      Locals:         0       0       0       0       0
      Temps:          0       0       0       0       0
      Totals:         2       0       0       0       0
Total ram usage:        2 bytes
 Hardware stack levels used:    1
 This function calls:
		Nothing
 This function is called by:
		_DELAY_ms
		_vSendData595
 This function uses a non-reentrant model


 *************** function _ui8Hex2DECDisplay *****************
 Defined at:
		line 50 in file "display.c"
 Parameters:    Size  Location     Type
  ui8Input        1    wreg     unsigned char 
 Auto vars:     Size  Location     Type
  ui8Input        1    7[COMMON] unsigned char 
  ui8Temp         1    6[COMMON] unsigned char 
 Return value:  Size  Location     Type
                  1    wreg      unsigned char 
 Registers used:
		wreg, status,2, status,0, pclath, cstack
 Tracked objects:
		On entry : 
		On exit  : 
		Unchanged: 
 Data sizes:     COMMON   BANK0   BANK1   BANK3   BANK2
      Params:         0       0       0       0       0
      Locals:         2       0       0       0       0
      Temps:          2       0       0       0       0
      Totals:         4       0       0       0       0
Total ram usage:        4 bytes
 Hardware stack levels used:    1
 Hardware stack levels required when called:    1
 This function calls:
		___bmul
 This function is called by:
		_main
 This function uses a non-reentrant model


 *************** function ___bmul *****************
 Defined at:
		line 4 in file "/usr/microchip/xc8/v1.43/sources/common/Umul8.c"
 Parameters:    Size  Location     Type
  multiplier      1    wreg     unsigned char 
  multiplicand    1    0[COMMON] unsigned char 
 Auto vars:     Size  Location     Type
  multiplier      1    3[COMMON] unsigned char 
  product         1    2[COMMON] unsigned char 
 Return value:  Size  Location     Type
                  1    wreg      unsigned char 
 Registers used:
		wreg, status,2, status,0
 Tracked objects:
		On entry : 
		On exit  : 
		Unchanged: 
 Data sizes:     COMMON   BANK0   BANK1   BANK3   BANK2
      Params:         1       0       0       0       0
      Locals:         2       0       0       0       0
      Temps:          1       0       0       0       0
      Totals:         4       0       0       0       0
Total ram usage:        4 bytes
 Hardware stack levels used:    1
 This function calls:
		Nothing
 This function is called by:
		_ui8Hex2DECDisplay
 This function uses a non-reentrant model


 *************** function _ui8Dec2HexDisplay *****************
 Defined at:
		line 35 in file "display.c"
 Parameters:    Size  Location     Type
  ui8Input        1    wreg     unsigned char 
 Auto vars:     Size  Location     Type
  ui8Input        1    1[BANK0 ] unsigned char 
  ui8Temp         1    2[BANK0 ] unsigned char 
  ui8Output       1    0[BANK0 ] unsigned char 
 Return value:  Size  Location     Type
                  1    wreg      unsigned char 
 Registers used:
		wreg, status,2, status,0, pclath, cstack
 Tracked objects:
		On entry : 
		On exit  : 
		Unchanged: 
 Data sizes:     COMMON   BANK0   BANK1   BANK3   BANK2
      Params:         0       0       0       0       0
      Locals:         0       3       0       0       0
      Temps:          3       0       0       0       0
      Totals:         3       3       0       0       0
Total ram usage:        6 bytes
 Hardware stack levels used:    1
 Hardware stack levels required when called:    1
 This function calls:
		___awdiv
		___awmod
 This function is called by:
		_main
 This function uses a non-reentrant model


 *************** function ___awmod *****************
 Defined at:
		line 6 in file "/usr/microchip/xc8/v1.43/sources/common/awmod.c"
 Parameters:    Size  Location     Type
  divisor         2    0[COMMON] int 
  dividend        2    2[COMMON] int 
 Auto vars:     Size  Location     Type
  sign            1    6[COMMON] unsigned char 
  counter         1    5[COMMON] unsigned char 
 Return value:  Size  Location     Type
                  2    0[COMMON] int 
 Registers used:
		wreg, status,2, status,0
 Tracked objects:
		On entry : 
		On exit  : 
		Unchanged: 
 Data sizes:     COMMON   BANK0   BANK1   BANK3   BANK2
      Params:         4       0       0       0       0
      Locals:         2       0       0       0       0
      Temps:          1       0       0       0       0
      Totals:         7       0       0       0       0
Total ram usage:        7 bytes
 Hardware stack levels used:    1
 This function calls:
		Nothing
 This function is called by:
		_ui8Dec2HexDisplay
		_Binary2BCD
 This function uses a non-reentrant model


 *************** function ___awdiv *****************
 Defined at:
		line 6 in file "/usr/microchip/xc8/v1.43/sources/common/awdiv.c"
 Parameters:    Size  Location     Type
  divisor         2    0[COMMON] int 
  dividend        2    2[COMMON] int 
 Auto vars:     Size  Location     Type
  quotient        2    7[COMMON] int 
  sign            1    6[COMMON] unsigned char 
  counter         1    5[COMMON] unsigned char 
 Return value:  Size  Location     Type
                  2    0[COMMON] int 
 Registers used:
		wreg, status,2, status,0
 Tracked objects:
		On entry : 
		On exit  : 
		Unchanged: 
 Data sizes:     COMMON   BANK0   BANK1   BANK3   BANK2
      Params:         4       0       0       0       0
      Locals:         4       0       0       0       0
      Temps:          1       0       0       0       0
      Totals:         9       0       0       0       0
Total ram usage:        9 bytes
 Hardware stack levels used:    1
 This function calls:
		Nothing
 This function is called by:
		_ui8Dec2HexDisplay
		_Binary2BCD
 This function uses a non-reentrant model


 *************** function _RTC_SetDateTime *****************
 Defined at:
		line 95 in file "rtc.c"
 Parameters:    Size  Location     Type
  rtc             1    wreg     PTR struct .
		 -> main@rtc(7), 
 Auto vars:     Size  Location     Type
  rtc             1    1[COMMON] PTR struct .
		 -> main@rtc(7), 
 Return value:  Size  Location     Type
                  1    wreg      void 
 Registers used:
		wreg, fsr0l, fsr0h, status,2, status,0, pclath, cstack
 Tracked objects:
		On entry : 
		On exit  : 
		Unchanged: 
 Data sizes:     COMMON   BANK0   BANK1   BANK3   BANK2
      Params:         0       0       0       0       0
      Locals:         1       0       0       0       0
      Temps:          0       0       0       0       0
      Totals:         1       0       0       0       0
Total ram usage:        1 bytes
 Hardware stack levels used:    1
 Hardware stack levels required when called:    2
 This function calls:
		_I2C_Start
		_I2C_Stop
		_I2C_Write
 This function is called by:
		_main
 This function uses a non-reentrant model


 *************** function _RTC_Init *****************
 Defined at:
		line 57 in file "rtc.c"
 Parameters:    Size  Location     Type
		None
 Auto vars:     Size  Location     Type
		None
 Return value:  Size  Location     Type
                  1    wreg      void 
 Registers used:
		wreg, status,2, status,0, pclath, cstack
 Tracked objects:
		On entry : 
		On exit  : 
		Unchanged: 
 Data sizes:     COMMON   BANK0   BANK1   BANK3   BANK2
      Params:         0       0       0       0       0
      Locals:         0       0       0       0       0
      Temps:          0       0       0       0       0
      Totals:         0       0       0       0       0
Total ram usage:        0 bytes
 Hardware stack levels used:    1
 Hardware stack levels required when called:    2
 This function calls:
		_I2C_Init
		_I2C_Start
		_I2C_Stop
		_I2C_Write
 This function is called by:
		_main
 This function uses a non-reentrant model


 *************** function _I2C_Init *****************
 Defined at:
		line 87 in file "i2c.c"
 Parameters:    Size  Location     Type
		None
 Auto vars:     Size  Location     Type
		None
 Return value:  Size  Location     Type
                  1    wreg      void 
 Registers used:
		wreg
 Tracked objects:
		On entry : 
		On exit  : 
		Unchanged: 
 Data sizes:     COMMON   BANK0   BANK1   BANK3   BANK2
      Params:         0       0       0       0       0
      Locals:         0       0       0       0       0
      Temps:          0       0       0       0       0
      Totals:         0       0       0       0       0
Total ram usage:        0 bytes
 Hardware stack levels used:    1
 This function calls:
		Nothing
 This function is called by:
		_RTC_Init
 This function uses a non-reentrant model


 *************** function _RTC_GetDateTime *****************
 Defined at:
		line 131 in file "rtc.c"
 Parameters:    Size  Location     Type
  rtc             1    wreg     PTR struct .
		 -> main@rtc(7), 
 Auto vars:     Size  Location     Type
  rtc             1    4[COMMON] PTR struct .
		 -> main@rtc(7), 
 Return value:  Size  Location     Type
                  1    wreg      void 
 Registers used:
		wreg, fsr0l, fsr0h, status,2, status,0, pclath, cstack
 Tracked objects:
		On entry : 
		On exit  : 
		Unchanged: 
 Data sizes:     COMMON   BANK0   BANK1   BANK3   BANK2
      Params:         0       0       0       0       0
      Locals:         1       0       0       0       0
      Temps:          1       0       0       0       0
      Totals:         2       0       0       0       0
Total ram usage:        2 bytes
 Hardware stack levels used:    1
 Hardware stack levels required when called:    2
 This function calls:
		_I2C_Read
		_I2C_Start
		_I2C_Stop
		_I2C_Write
 This function is called by:
		_main
 This function uses a non-reentrant model


 *************** function _I2C_Write *****************
 Defined at:
		line 179 in file "i2c.c"
 Parameters:    Size  Location     Type
  v_i2cData_u8    1    wreg     unsigned char 
 Auto vars:     Size  Location     Type
  v_i2cData_u8    1    0[COMMON] unsigned char 
 Return value:  Size  Location     Type
                  1    wreg      void 
 Registers used:
		wreg, status,2, status,0, pclath, cstack
 Tracked objects:
		On entry : 
		On exit  : 
		Unchanged: 
 Data sizes:     COMMON   BANK0   BANK1   BANK3   BANK2
      Params:         0       0       0       0       0
      Locals:         1       0       0       0       0
      Temps:          0       0       0       0       0
      Totals:         1       0       0       0       0
Total ram usage:        1 bytes
 Hardware stack levels used:    1
 Hardware stack levels required when called:    1
 This function calls:
		_i2c_WaitForIdle
 This function is called by:
		_RTC_Init
		_RTC_SetDateTime
		_RTC_GetDateTime
 This function uses a non-reentrant model


 *************** function _I2C_Stop *****************
 Defined at:
		line 147 in file "i2c.c"
 Parameters:    Size  Location     Type
		None
 Auto vars:     Size  Location     Type
		None
 Return value:  Size  Location     Type
                  1    wreg      void 
 Registers used:
		None
 Tracked objects:
		On entry : 
		On exit  : 
		Unchanged: 
 Data sizes:     COMMON   BANK0   BANK1   BANK3   BANK2
      Params:         0       0       0       0       0
      Locals:         0       0       0       0       0
      Temps:          0       0       0       0       0
      Totals:         0       0       0       0       0
Total ram usage:        0 bytes
 Hardware stack levels used:    1
 This function calls:
		Nothing
 This function is called by:
		_RTC_Init
		_RTC_SetDateTime
		_RTC_GetDateTime
 This function uses a non-reentrant model


 *************** function _I2C_Start *****************
 Defined at:
		line 118 in file "i2c.c"
 Parameters:    Size  Location     Type
		None
 Auto vars:     Size  Location     Type
		None
 Return value:  Size  Location     Type
                  1    wreg      void 
 Registers used:
		None
 Tracked objects:
		On entry : 
		On exit  : 
		Unchanged: 
 Data sizes:     COMMON   BANK0   BANK1   BANK3   BANK2
      Params:         0       0       0       0       0
      Locals:         0       0       0       0       0
      Temps:          0       0       0       0       0
      Totals:         0       0       0       0       0
Total ram usage:        0 bytes
 Hardware stack levels used:    1
 This function calls:
		Nothing
 This function is called by:
		_RTC_Init
		_RTC_SetDateTime
		_RTC_GetDateTime
 This function uses a non-reentrant model


 *************** function _I2C_Read *****************
 Defined at:
		line 214 in file "i2c.c"
 Parameters:    Size  Location     Type
  v_ackOption_    1    wreg     unsigned char 
 Auto vars:     Size  Location     Type
  v_ackOption_    1    1[COMMON] unsigned char 
  v_i2cData_u8    1    2[COMMON] unsigned char 
 Return value:  Size  Location     Type
                  1    wreg      unsigned char 
 Registers used:
		wreg, status,2, status,0, pclath, cstack
 Tracked objects:
		On entry : 
		On exit  : 
		Unchanged: 
 Data sizes:     COMMON   BANK0   BANK1   BANK3   BANK2
      Params:         0       0       0       0       0
      Locals:         2       0       0       0       0
      Temps:          1       0       0       0       0
      Totals:         3       0       0       0       0
Total ram usage:        3 bytes
 Hardware stack levels used:    1
 Hardware stack levels required when called:    1
 This function calls:
		_i2c_Ack
		_i2c_NoAck
		_i2c_WaitForIdle
 This function is called by:
		_RTC_GetDateTime
 This function uses a non-reentrant model


 *************** function _i2c_WaitForIdle *****************
 Defined at:
		line 258 in file "i2c.c"
 Parameters:    Size  Location     Type
		None
 Auto vars:     Size  Location     Type
		None
 Return value:  Size  Location     Type
                  1    wreg      void 
 Registers used:
		None
 Tracked objects:
		On entry : 
		On exit  : 
		Unchanged: 
 Data sizes:     COMMON   BANK0   BANK1   BANK3   BANK2
      Params:         0       0       0       0       0
      Locals:         0       0       0       0       0
      Temps:          0       0       0       0       0
      Totals:         0       0       0       0       0
Total ram usage:        0 bytes
 Hardware stack levels used:    1
 This function calls:
		Nothing
 This function is called by:
		_I2C_Write
		_I2C_Read
 This function uses a non-reentrant model


 *************** function _i2c_NoAck *****************
 Defined at:
		line 299 in file "i2c.c"
 Parameters:    Size  Location     Type
		None
 Auto vars:     Size  Location     Type
		None
 Return value:  Size  Location     Type
                  1    wreg      void 
 Registers used:
		None
 Tracked objects:
		On entry : 
		On exit  : 
		Unchanged: 
 Data sizes:     COMMON   BANK0   BANK1   BANK3   BANK2
      Params:         0       0       0       0       0
      Locals:         0       0       0       0       0
      Temps:          0       0       0       0       0
      Totals:         0       0       0       0       0
Total ram usage:        0 bytes
 Hardware stack levels used:    1
 This function calls:
		Nothing
 This function is called by:
		_I2C_Read
 This function uses a non-reentrant model


 *************** function _i2c_Ack *****************
 Defined at:
		line 279 in file "i2c.c"
 Parameters:    Size  Location     Type
		None
 Auto vars:     Size  Location     Type
		None
 Return value:  Size  Location     Type
                  1    wreg      void 
 Registers used:
		None
 Tracked objects:
		On entry : 
		On exit  : 
		Unchanged: 
 Data sizes:     COMMON   BANK0   BANK1   BANK3   BANK2
      Params:         0       0       0       0       0
      Locals:         0       0       0       0       0
      Temps:          0       0       0       0       0
      Totals:         0       0       0       0       0
Total ram usage:        0 bytes
 Hardware stack levels used:    1
 This function calls:
		Nothing
 This function is called by:
		_I2C_Read
 This function uses a non-reentrant model



MODULE INFORMATION

Module		Function		Class		Link	Load	Size
/usr/microchip/xc8/v1.43/sources/common/awmod.c
		___awmod       		CODE           	0479	0000	76

/usr/microchip/xc8/v1.43/sources/common/awmod.c estimated size: 76

delay.c
		_DELAY_ms      		CODE           	03D5	0000	21
		_DELAY_us      		CODE           	038D	0000	12

delay.c estimated size: 33

/usr/microchip/xc8/v1.43/sources/common/Umul8.c
		___bmul        		CODE           	03B3	0000	18

/usr/microchip/xc8/v1.43/sources/common/Umul8.c estimated size: 18

i2c.c
		_i2c_NoAck     		CODE           	0371	0000	8
		_I2C_Write     		CODE           	0398	0000	14
		_I2C_Stop      		CODE           	0364	0000	7
		_i2c_Ack       		CODE           	036A	0000	8
		_I2C_Read      		CODE           	03FF	0000	33
		_I2C_Init      		CODE           	03A5	0000	15
		_i2c_WaitForIdle		CODE           	0382	0000	12
		_I2C_Start     		CODE           	035E	0000	7

i2c.c estimated size: 104

/usr/microchip/xc8/v1.43/sources/common/awdiv.c
		___awdiv       		CODE           	04C4	0000	90

/usr/microchip/xc8/v1.43/sources/common/awdiv.c estimated size: 90

shared
		__initialization		CODE           	07F0	0000	13

shared estimated size: 13

rtc.c
		_RTC_GetDateTime		CODE           	05DB	0000	128
		_RTC_SetDateTime		CODE           	051D	0000	91
		_RTC_Init      		CODE           	041F	0000	33

rtc.c estimated size: 252

display.c
		_ui8Dec2HexDisplay		CODE           	043F	0000	59
		_vDisplay      		CODE           	0577	0000	101
		_ui8Hex2DECDisplay		CODE           	03E9	0000	23

display.c estimated size: 183

main.c
		_main          		CODE           	065A	0000	407

main.c estimated size: 407

