Microchip MPLAB XC8 Compiler V1.38 ()

Linker command line:

-W-3 \
  --edf=D:\InstallPackage\01_ToolsForDev\Microchip\XC8 V1.38\dat\en_msgs.txt \
  -cs -h+dist/default/production\PIC16F877_RTC.X.production.sym \
  --cmf=dist/default/production\PIC16F877_RTC.X.production.cmf -z -Q16F887 \
  -oC:\Users\Pham\AppData\Local\Temp\s4lg.2 \
  -Mdist/default/production/PIC16F877_RTC.X.production.map -E1 -ver=XC8 \
  -ASTACK=0110h-016fh -pstack=STACK -ACODE=00h-07FFhx4 -ASTRCODE=00h-01FFFh \
  -ASTRING=00h-0FFhx32 -ACONST=00h-0FFhx32 -AENTRY=00h-0FFhx32 \
  -ACOMMON=070h-07Fh -ABANK0=020h-06Fh -ABANK1=0A0h-0EFh \
  -ABANK2=0110h-016Fh -ABANK3=0190h-01EFh \
  -ARAM=020h-06Fh,0A0h-0EFh,0110h-016Fh,0190h-01EFh \
  -AABS1=020h-07Fh,0A0h-0EFh,0110h-016Fh,0190h-01EFh -ASFR0=00h-01Fh \
  -ASFR1=080h-09Fh -ASFR2=0100h-010Fh -ASFR3=0180h-018Fh \
  -preset_vec=00h,intentry,init,end_init -ppowerup=CODE -pcinit=CODE \
  -pfunctab=CODE -ACONFIG=02007h-02008h -pconfig=CONFIG -DCONFIG=2 \
  -AIDLOC=02000h-02003h -pidloc=IDLOC -DIDLOC=2 -AEEDATA=00h-0FFh/02100h \
  -peeprom_data=EEDATA -DEEDATA=2 -DCODE=2 -DSTRCODE=2 -DSTRING=2 -DCONST=2 \
  -DENTRY=2 -k C:\Users\Pham\AppData\Local\Temp\s4lg.obj \
  dist/default/production\PIC16F877_RTC.X.production.obj 

Object code version is 3.11

Machine type is 16F887



                Name                               Link     Load   Length Selector   Space Scale
C:\Users\Pham\AppData\Local\Temp\s4lg.obj
                end_init                              0        0        3        0       0
                config                             2007     2007        2     400E       0
dist/default/production\PIC16F877_RTC.X.production.obj
                cinit                               7F0      7F0       10      FE0       0
                text14                              4A6      4A6        B      94C       0
                text13                              4E8      4E8       14      9D0       0
                text12                              48E      48E        7      91C       0
                text11                              495      495        7      92A       0
                text10                              4B1      4B1        B      962       0
                text9                               4FC      4FC       20      9F8       0
                text8                               482      482        6      904       0
                text7                               488      488        6      910       0
                text6                               4BC      4BC        D      978       0
                text5                               5C4      5C4       7F      B88       0
                text4                               4C9      4C9        E      992       0
                text3                               51C      51C       20      A38       0
                text2                               56A      56A       5A      AD4       0
                text1                               53C      53C       2E      A78       0
                maintext                            643      643      1AD      C86       0
                cstackBANK0                          20       20        F       20       1
                cstackCOMMON                         70       70        7       70       1
                inittext                            4D7      4D7       11      9AE       0
                dataBANK0                            2F       2F        A       20       1
                idataBANK0                          49C      49C        A      938       0

TOTAL           Name                               Link     Load   Length     Space
        CLASS   STACK          

        CLASS   CODE           
                end_init                              0        0        3         0
                cinit                               7F0      7F0       10         0
                text14                              4A6      4A6        B         0
                text13                              4E8      4E8       14         0
                text12                              48E      48E        7         0
                text11                              495      495        7         0
                text10                              4B1      4B1        B         0
                text9                               4FC      4FC       20         0
                text8                               482      482        6         0
                text7                               488      488        6         0
                text6                               4BC      4BC        D         0
                text5                               5C4      5C4       7F         0
                text4                               4C9      4C9        E         0
                text3                               51C      51C       20         0
                text2                               56A      56A       5A         0
                text1                               53C      53C       2E         0
                maintext                            643      643      1AD         0
                inittext                            4D7      4D7       11         0
                idataBANK0                          49C      49C        A         0

        CLASS   STRCODE        

        CLASS   STRING         

        CLASS   CONST          

        CLASS   ENTRY          

        CLASS   COMMON         
                cstackCOMMON                         70       70        7         1

        CLASS   BANK0          
                cstackBANK0                          20       20        F         1
                dataBANK0                            2F       2F        A         1

        CLASS   BANK1          

        CLASS   BANK2          

        CLASS   BANK3          

        CLASS   RAM            

        CLASS   ABS1           
                abs_s1                               7E       7E        2         1

        CLASS   SFR0           

        CLASS   SFR1           

        CLASS   SFR2           

        CLASS   SFR3           

        CLASS   CONFIG         
                config                             2007     2007        2         0

        CLASS   IDLOC          

        CLASS   EEDATA         



SEGMENTS        Name                           Load    Length   Top    Selector   Space  Class     Delta

                reset_vec                      000000  000003  000003         0       0  CODE        2
                cstackBANK0                    000020  000019  000039        20       1  BANK0       1
                cstackCOMMON                   000070  000007  000077        70       1  COMMON      1
                text8                          000482  000006  000488       904       0  CODE        2
                text7                          000488  000006  00048E       910       0  CODE        2
                text12                         00048E  000007  000495       91C       0  CODE        2
                text11                         000495  000007  00049C       92A       0  CODE        2
                idataBANK0                     00049C  00000A  0004A6       938       0  CODE        2
                text14                         0004A6  00000B  0004B1       94C       0  CODE        2
                text10                         0004B1  00000B  0004BC       962       0  CODE        2
                text6                          0004BC  00000D  0004C9       978       0  CODE        2
                text4                          0004C9  00000E  0004D7       992       0  CODE        2
                inittext                       0004D7  000011  0004E8       9AE       0  CODE        2
                text13                         0004E8  000014  0004FC       9D0       0  CODE        2
                text9                          0004FC  000020  00051C       9F8       0  CODE        2
                text3                          00051C  000020  00053C       A38       0  CODE        2
                text1                          00053C  00002E  00056A       A78       0  CODE        2
                text2                          00056A  00005A  0005C4       AD4       0  CODE        2
                text5                          0005C4  00007F  000643       B88       0  CODE        2
                maintext                       000643  0001AD  0007F0       C86       0  CODE        2
                cinit                          0007F0  000010  000800       FE0       0  CODE        2
                config                         002007  000002  002009      400E       0  CONFIG      2


UNUSED ADDRESS RANGES

        Name                Unused          Largest block    Delta
        BANK0            0039-006F             37           1
        BANK1            00A0-00EF             50           1
        BANK2            0110-016F             60           1
        BANK3            0190-01EF             60           1
        CODE             0003-0481            47F           2
                         0800-1FFF            800
        COMMON           0077-007D              7           1
        CONST            0003-0481            100           2
                         0800-1FFF            100
        EEDATA           2100-21FF            100           2
        ENTRY            0003-0481            100           2
                         0800-1FFF            100
        IDLOC            2000-2003              4           2
        RAM              0039-006F             37           1
                         00A0-00EF             50
                         0110-016F             60
                         0190-01EF             60
        SFR0             0000-001F             20           1
        SFR1             0080-009F             20           1
        SFR2             0100-010F             10           1
        SFR3             0180-018F             10           1
        STACK            0110-016F             60           1
        STRCODE          0003-0481            47F           2
                         0800-1FFF           1800
        STRING           0003-0481            100           2
                         0800-1FFF            100

                                  Symbol Table

DELAY_ms@ms_count         cstackCOMMON 0072
DELAY_us@us_count         cstackCOMMON 0070
I2C_Read@v_ackOption_u8   cstackCOMMON 0071
I2C_Read@v_i2cData_u8     cstackCOMMON 0072
I2C_Write@v_i2cData_u8    cstackCOMMON 0070
RTC_GetDateTime@rtc       cstackCOMMON 0074
RTC_SetDateTime@rtc       cstackCOMMON 0071
_ACKDT                    (abs)        048D
_ACKEN                    (abs)        048C
_ANSELHbits               (abs)        0189
_BF                       (abs)        04A0
_DELAY_ms                 text13       04E8
_DELAY_us                 text14       04A6
_I2C_Init                 text4        04C9
_I2C_Read                 text9        04FC
_I2C_Start                text8        0482
_I2C_Stop                 text7        0488
_I2C_Write                text6        04BC
_IOCB                     (abs)        0096
_OPTION_REGbits           (abs)        0081
_PEN                      (abs)        048A
_PORTBbits                (abs)        0006
_PORTCbits                (abs)        0007
_PORTDbits                (abs)        0008
_RCEN                     (abs)        048B
_RSEN                     (abs)        0489
_RTC_GetDateTime          text5        05C4
_RTC_Init                 text3        051C
_RTC_SetDateTime          text2        056A
_R_W                      (abs)        04A2
_SEN                      (abs)        0488
_SSPADD                   (abs)        0093
_SSPBUF                   (abs)        0013
_SSPCON                   (abs)        0014
_SSPSTAT                  (abs)        0094
_TRISBbits                (abs)        0086
_TRISC3                   (abs)        043B
_TRISC4                   (abs)        043C
_TRISCbits                (abs)        0087
_TRISDbits                (abs)        0088
_WPUBbits                 (abs)        0095
__CFG_BOREN$OFF           (abs)        0000
__CFG_CP$OFF              (abs)        0000
__CFG_CPD$OFF             (abs)        0000
__CFG_FOSC$HS             (abs)        0000
__CFG_LVP$OFF             (abs)        0000
__CFG_PWRTE$OFF           (abs)        0000
__CFG_WDTE$OFF            (abs)        0000
__CFG_WRT$OFF             (abs)        0000
__Habs1                   abs1         0000
__Hbank0                  bank0        0000
__Hbank1                  bank1        0000
__Hbank2                  bank2        0000
__Hbank3                  bank3        0000
__Hcinit                  cinit        0800
__Hclrtext                clrtext      0000
__Hcode                   code         0000
__Hcommon                 common       0000
__Hconfig                 config       2009
__HcstackBANK0            cstackBANK0  0000
__HcstackCOMMON           cstackCOMMON 0000
__HdataBANK0              dataBANK0    0000
__Heeprom_data            eeprom_data  0000
__Hend_init               end_init     0003
__Hfunctab                functab      0000
__HidataBANK0             idataBANK0   0000
__Hidloc                  idloc        0000
__Hinit                   init         0000
__Hinittext               inittext     0000
__Hintentry               intentry     0000
__Hmaintext               maintext     0000
__Hpowerup                powerup      0000
__Hram                    ram          0000
__Hreset_vec              reset_vec    0000
__Hsfr0                   sfr0         0000
__Hsfr1                   sfr1         0000
__Hsfr2                   sfr2         0000
__Hsfr3                   sfr3         0000
__Hspace_0                (abs)        2009
__Hspace_1                (abs)        0077
__Hspace_2                (abs)        0000
__Hspace_3                (abs)        0000
__Hstack                  stack        0000
__Hstrings                strings      0000
__Htext                   text         0000
__Labs1                   abs1         0000
__Lbank0                  bank0        0000
__Lbank1                  bank1        0000
__Lbank2                  bank2        0000
__Lbank3                  bank3        0000
__Lcinit                  cinit        07F0
__Lclrtext                clrtext      0000
__Lcode                   code         0000
__Lcommon                 common       0000
__Lconfig                 config       2007
__LcstackBANK0            cstackBANK0  0000
__LcstackCOMMON           cstackCOMMON 0000
__LdataBANK0              dataBANK0    0000
__Leeprom_data            eeprom_data  0000
__Lend_init               end_init     0000
__Lfunctab                functab      0000
__LidataBANK0             idataBANK0   0000
__Lidloc                  idloc        0000
__Linit                   init         0000
__Linittext               inittext     0000
__Lintentry               intentry     0000
__Lmaintext               maintext     0000
__Lpowerup                powerup      0000
__Lram                    ram          0000
__Lreset_vec              reset_vec    0000
__Lsfr0                   sfr0         0000
__Lsfr1                   sfr1         0000
__Lsfr2                   sfr2         0000
__Lsfr3                   sfr3         0000
__Lspace_0                (abs)        0000
__Lspace_1                (abs)        0000
__Lspace_2                (abs)        0000
__Lspace_3                (abs)        0000
__Lstack                  stack        0000
__Lstrings                strings      0000
__Ltext                   text         0000
__S0                      (abs)        2009
__S1                      (abs)        0077
__S2                      (abs)        0000
__S3                      (abs)        0000
___int_sp                 stack        0000
___latbits                (abs)        0002
___sp                     stack        0000
__end_of_DELAY_ms         text13       04FC
__end_of_DELAY_us         text14       04B1
__end_of_I2C_Init         text4        04D7
__end_of_I2C_Read         text9        051C
__end_of_I2C_Start        text8        0488
__end_of_I2C_Stop         text7        048E
__end_of_I2C_Write        text6        04C9
__end_of_RTC_GetDateTime  text5        0643
__end_of_RTC_Init         text3        053C
__end_of_RTC_SetDateTime  text2        05C4
__end_of__initialization  cinit        07FC
__end_of_i2c_Ack          text12       0495
__end_of_i2c_NoAck        text11       049C
__end_of_i2c_WaitForIdle  text10       04BC
__end_of_main             maintext     07F0
__end_of_vSendData595     text1        056A
__initialization          cinit        07F0
__pcstackBANK0            cstackBANK0  0020
__pcstackCOMMON           cstackCOMMON 0070
__pdataBANK0              dataBANK0    002F
__pidataBANK0             idataBANK0   049C
__pmaintext               maintext     0643
__ptext1                  text1        053C
__ptext10                 text10       04B1
__ptext11                 text11       0495
__ptext12                 text12       048E
__ptext13                 text13       04E8
__ptext14                 text14       04A6
__ptext2                  text2        056A
__ptext3                  text3        051C
__ptext4                  text4        04C9
__ptext5                  text5        05C4
__ptext6                  text6        04BC
__ptext7                  text7        0488
__ptext8                  text8        0482
__ptext9                  text9        04FC
__size_of_DELAY_ms        (abs)        0000
__size_of_DELAY_us        (abs)        0000
__size_of_I2C_Init        (abs)        0000
__size_of_I2C_Read        (abs)        0000
__size_of_I2C_Start       (abs)        0000
__size_of_I2C_Stop        (abs)        0000
__size_of_I2C_Write       (abs)        0000
__size_of_RTC_GetDateTime (abs)        0000
__size_of_RTC_Init        (abs)        0000
__size_of_RTC_SetDateTime (abs)        0000
__size_of_i2c_Ack         (abs)        0000
__size_of_i2c_NoAck       (abs)        0000
__size_of_i2c_WaitForIdle (abs)        0000
__size_of_main            (abs)        0000
__size_of_vSendData595    (abs)        0000
_i2c_Ack                  text12       048E
_i2c_NoAck                text11       0495
_i2c_WaitForIdle          text10       04B1
_main                     maintext     0643
_ucBCD_ARR                dataBANK0    002F
_vSendData595             text1        053C
btemp                     (abs)        007E
end_of_initialization     cinit        07FC
init_fetch0               inittext     04D7
init_ram0                 inittext     04DB
intlevel0                 functab      0000
intlevel1                 functab      0000
intlevel2                 functab      0000
intlevel3                 functab      0000
intlevel4                 functab      0000
intlevel5                 functab      0000
ltemp                     (abs)        007E
ltemp0                    (abs)        007E
ltemp1                    (abs)        0082
ltemp2                    (abs)        0086
ltemp3                    (abs)        0080
main@rtc                  cstackBANK0  0028
main@ucDate               cstackBANK0  0024
main@ucHours              cstackBANK0  0023
main@ucMin                cstackBANK0  0022
main@ucMonth              cstackBANK0  0025
main@ucSec                cstackBANK0  0021
main@ucSetCnt             cstackBANK0  0027
main@ucSetData            cstackBANK0  0020
main@ucYear               cstackBANK0  0026
reset_vec                 reset_vec    0000
stackhi                   (abs)        0000
stacklo                   (abs)        0000
start                     init         0000
start_initialization      cinit        07F0
ttemp                     (abs)        007E
ttemp0                    (abs)        007E
ttemp1                    (abs)        0081
ttemp2                    (abs)        0084
ttemp3                    (abs)        0087
ttemp4                    (abs)        007F
vSendData595@i            cstackCOMMON 0074
vSendData595@temp         cstackCOMMON 0075
vSendData595@x            cstackCOMMON 0073
wtemp                     (abs)        007E
wtemp0                    (abs)        007E
wtemp1                    (abs)        0080
wtemp2                    (abs)        0082
wtemp3                    (abs)        0084
wtemp4                    (abs)        0086
wtemp5                    (abs)        0088
wtemp6                    (abs)        007F


FUNCTION INFORMATION:

 *************** function _main *****************
 Defined at:
		line 19 in file "main.c"
 Parameters:    Size  Location     Type
		None
 Auto vars:     Size  Location     Type
  rtc             7    8[BANK0 ] struct .
  ucSetCnt        1    7[BANK0 ] unsigned char 
  ucYear          1    6[BANK0 ] unsigned char 
  ucMonth         1    5[BANK0 ] unsigned char 
  ucDate          1    4[BANK0 ] unsigned char 
  ucHours         1    3[BANK0 ] unsigned char 
  ucMin           1    2[BANK0 ] unsigned char 
  ucSec           1    1[BANK0 ] unsigned char 
  ucSetData       1    0[BANK0 ] unsigned char 
 Return value:  Size  Location     Type
                  2   36[None  ] int 
 Registers used:
		wreg, fsr0l, fsr0h, status,2, status,0, pclath, cstack
 Tracked objects:
		On entry : 
		On exit  : 
		Unchanged: 
 Data sizes:     COMMON   BANK0   BANK1   BANK3   BANK2
      Params:         0       0       0       0       0
      Locals:         0      15       0       0       0
      Temps:          1       0       0       0       0
      Totals:         1      15       0       0       0
Total ram usage:       16 bytes
 Hardware stack levels required when called:    3
 This function calls:
		_DELAY_ms
		_DELAY_us
		_RTC_GetDateTime
		_RTC_Init
		_RTC_SetDateTime
		_vSendData595
 This function is called by:
		Startup code after reset
 This function uses a non-reentrant model


 *************** function _vSendData595 *****************
 Defined at:
		line 5 in file "IC74hc595.c"
 Parameters:    Size  Location     Type
  x               1    wreg     unsigned char 
 Auto vars:     Size  Location     Type
  x               1    3[COMMON] unsigned char 
  temp            1    5[COMMON] unsigned char 
  i               1    4[COMMON] unsigned char 
 Return value:  Size  Location     Type
                  1    wreg      void 
 Registers used:
		wreg, status,2, status,0, pclath, cstack
 Tracked objects:
		On entry : 
		On exit  : 
		Unchanged: 
 Data sizes:     COMMON   BANK0   BANK1   BANK3   BANK2
      Params:         0       0       0       0       0
      Locals:         3       0       0       0       0
      Temps:          1       0       0       0       0
      Totals:         4       0       0       0       0
Total ram usage:        4 bytes
 Hardware stack levels used:    1
 Hardware stack levels required when called:    1
 This function calls:
		_DELAY_us
 This function is called by:
		_main
 This function uses a non-reentrant model


 *************** function _RTC_SetDateTime *****************
 Defined at:
		line 95 in file "rtc.c"
 Parameters:    Size  Location     Type
  rtc             1    wreg     PTR struct .
		 -> main@rtc(7), 
 Auto vars:     Size  Location     Type
  rtc             1    1[COMMON] PTR struct .
		 -> main@rtc(7), 
 Return value:  Size  Location     Type
                  1    wreg      void 
 Registers used:
		wreg, fsr0l, fsr0h, status,2, status,0, pclath, cstack
 Tracked objects:
		On entry : 
		On exit  : 
		Unchanged: 
 Data sizes:     COMMON   BANK0   BANK1   BANK3   BANK2
      Params:         0       0       0       0       0
      Locals:         1       0       0       0       0
      Temps:          0       0       0       0       0
      Totals:         1       0       0       0       0
Total ram usage:        1 bytes
 Hardware stack levels used:    1
 Hardware stack levels required when called:    2
 This function calls:
		_I2C_Start
		_I2C_Stop
		_I2C_Write
 This function is called by:
		_main
 This function uses a non-reentrant model


 *************** function _RTC_Init *****************
 Defined at:
		line 57 in file "rtc.c"
 Parameters:    Size  Location     Type
		None
 Auto vars:     Size  Location     Type
		None
 Return value:  Size  Location     Type
                  1    wreg      void 
 Registers used:
		wreg, status,2, status,0, pclath, cstack
 Tracked objects:
		On entry : 
		On exit  : 
		Unchanged: 
 Data sizes:     COMMON   BANK0   BANK1   BANK3   BANK2
      Params:         0       0       0       0       0
      Locals:         0       0       0       0       0
      Temps:          0       0       0       0       0
      Totals:         0       0       0       0       0
Total ram usage:        0 bytes
 Hardware stack levels used:    1
 Hardware stack levels required when called:    2
 This function calls:
		_I2C_Init
		_I2C_Start
		_I2C_Stop
		_I2C_Write
 This function is called by:
		_main
 This function uses a non-reentrant model


 *************** function _I2C_Init *****************
 Defined at:
		line 87 in file "i2c.c"
 Parameters:    Size  Location     Type
		None
 Auto vars:     Size  Location     Type
		None
 Return value:  Size  Location     Type
                  1    wreg      void 
 Registers used:
		wreg
 Tracked objects:
		On entry : 
		On exit  : 
		Unchanged: 
 Data sizes:     COMMON   BANK0   BANK1   BANK3   BANK2
      Params:         0       0       0       0       0
      Locals:         0       0       0       0       0
      Temps:          0       0       0       0       0
      Totals:         0       0       0       0       0
Total ram usage:        0 bytes
 Hardware stack levels used:    1
 This function calls:
		Nothing
 This function is called by:
		_RTC_Init
 This function uses a non-reentrant model


 *************** function _RTC_GetDateTime *****************
 Defined at:
		line 131 in file "rtc.c"
 Parameters:    Size  Location     Type
  rtc             1    wreg     PTR struct .
		 -> main@rtc(7), 
 Auto vars:     Size  Location     Type
  rtc             1    4[COMMON] PTR struct .
		 -> main@rtc(7), 
 Return value:  Size  Location     Type
                  1    wreg      void 
 Registers used:
		wreg, fsr0l, fsr0h, status,2, status,0, pclath, cstack
 Tracked objects:
		On entry : 
		On exit  : 
		Unchanged: 
 Data sizes:     COMMON   BANK0   BANK1   BANK3   BANK2
      Params:         0       0       0       0       0
      Locals:         1       0       0       0       0
      Temps:          1       0       0       0       0
      Totals:         2       0       0       0       0
Total ram usage:        2 bytes
 Hardware stack levels used:    1
 Hardware stack levels required when called:    2
 This function calls:
		_I2C_Read
		_I2C_Start
		_I2C_Stop
		_I2C_Write
 This function is called by:
		_main
 This function uses a non-reentrant model


 *************** function _I2C_Write *****************
 Defined at:
		line 179 in file "i2c.c"
 Parameters:    Size  Location     Type
  v_i2cData_u8    1    wreg     unsigned char 
 Auto vars:     Size  Location     Type
  v_i2cData_u8    1    0[COMMON] unsigned char 
 Return value:  Size  Location     Type
                  1    wreg      void 
 Registers used:
		wreg, status,2, status,0, pclath, cstack
 Tracked objects:
		On entry : 
		On exit  : 
		Unchanged: 
 Data sizes:     COMMON   BANK0   BANK1   BANK3   BANK2
      Params:         0       0       0       0       0
      Locals:         1       0       0       0       0
      Temps:          0       0       0       0       0
      Totals:         1       0       0       0       0
Total ram usage:        1 bytes
 Hardware stack levels used:    1
 Hardware stack levels required when called:    1
 This function calls:
		_i2c_WaitForIdle
 This function is called by:
		_RTC_Init
		_RTC_SetDateTime
		_RTC_GetDateTime
 This function uses a non-reentrant model


 *************** function _I2C_Stop *****************
 Defined at:
		line 147 in file "i2c.c"
 Parameters:    Size  Location     Type
		None
 Auto vars:     Size  Location     Type
		None
 Return value:  Size  Location     Type
                  1    wreg      void 
 Registers used:
		None
 Tracked objects:
		On entry : 
		On exit  : 
		Unchanged: 
 Data sizes:     COMMON   BANK0   BANK1   BANK3   BANK2
      Params:         0       0       0       0       0
      Locals:         0       0       0       0       0
      Temps:          0       0       0       0       0
      Totals:         0       0       0       0       0
Total ram usage:        0 bytes
 Hardware stack levels used:    1
 This function calls:
		Nothing
 This function is called by:
		_RTC_Init
		_RTC_SetDateTime
		_RTC_GetDateTime
 This function uses a non-reentrant model


 *************** function _I2C_Start *****************
 Defined at:
		line 118 in file "i2c.c"
 Parameters:    Size  Location     Type
		None
 Auto vars:     Size  Location     Type
		None
 Return value:  Size  Location     Type
                  1    wreg      void 
 Registers used:
		None
 Tracked objects:
		On entry : 
		On exit  : 
		Unchanged: 
 Data sizes:     COMMON   BANK0   BANK1   BANK3   BANK2
      Params:         0       0       0       0       0
      Locals:         0       0       0       0       0
      Temps:          0       0       0       0       0
      Totals:         0       0       0       0       0
Total ram usage:        0 bytes
 Hardware stack levels used:    1
 This function calls:
		Nothing
 This function is called by:
		_RTC_Init
		_RTC_SetDateTime
		_RTC_GetDateTime
 This function uses a non-reentrant model


 *************** function _I2C_Read *****************
 Defined at:
		line 214 in file "i2c.c"
 Parameters:    Size  Location     Type
  v_ackOption_    1    wreg     unsigned char 
 Auto vars:     Size  Location     Type
  v_ackOption_    1    1[COMMON] unsigned char 
  v_i2cData_u8    1    2[COMMON] unsigned char 
 Return value:  Size  Location     Type
                  1    wreg      unsigned char 
 Registers used:
		wreg, status,2, status,0, pclath, cstack
 Tracked objects:
		On entry : 
		On exit  : 
		Unchanged: 
 Data sizes:     COMMON   BANK0   BANK1   BANK3   BANK2
      Params:         0       0       0       0       0
      Locals:         2       0       0       0       0
      Temps:          1       0       0       0       0
      Totals:         3       0       0       0       0
Total ram usage:        3 bytes
 Hardware stack levels used:    1
 Hardware stack levels required when called:    1
 This function calls:
		_i2c_Ack
		_i2c_NoAck
		_i2c_WaitForIdle
 This function is called by:
		_RTC_GetDateTime
 This function uses a non-reentrant model


 *************** function _i2c_WaitForIdle *****************
 Defined at:
		line 258 in file "i2c.c"
 Parameters:    Size  Location     Type
		None
 Auto vars:     Size  Location     Type
		None
 Return value:  Size  Location     Type
                  1    wreg      void 
 Registers used:
		None
 Tracked objects:
		On entry : 
		On exit  : 
		Unchanged: 
 Data sizes:     COMMON   BANK0   BANK1   BANK3   BANK2
      Params:         0       0       0       0       0
      Locals:         0       0       0       0       0
      Temps:          0       0       0       0       0
      Totals:         0       0       0       0       0
Total ram usage:        0 bytes
 Hardware stack levels used:    1
 This function calls:
		Nothing
 This function is called by:
		_I2C_Write
		_I2C_Read
 This function uses a non-reentrant model


 *************** function _i2c_NoAck *****************
 Defined at:
		line 299 in file "i2c.c"
 Parameters:    Size  Location     Type
		None
 Auto vars:     Size  Location     Type
		None
 Return value:  Size  Location     Type
                  1    wreg      void 
 Registers used:
		None
 Tracked objects:
		On entry : 
		On exit  : 
		Unchanged: 
 Data sizes:     COMMON   BANK0   BANK1   BANK3   BANK2
      Params:         0       0       0       0       0
      Locals:         0       0       0       0       0
      Temps:          0       0       0       0       0
      Totals:         0       0       0       0       0
Total ram usage:        0 bytes
 Hardware stack levels used:    1
 This function calls:
		Nothing
 This function is called by:
		_I2C_Read
 This function uses a non-reentrant model


 *************** function _i2c_Ack *****************
 Defined at:
		line 279 in file "i2c.c"
 Parameters:    Size  Location     Type
		None
 Auto vars:     Size  Location     Type
		None
 Return value:  Size  Location     Type
                  1    wreg      void 
 Registers used:
		None
 Tracked objects:
		On entry : 
		On exit  : 
		Unchanged: 
 Data sizes:     COMMON   BANK0   BANK1   BANK3   BANK2
      Params:         0       0       0       0       0
      Locals:         0       0       0       0       0
      Temps:          0       0       0       0       0
      Totals:         0       0       0       0       0
Total ram usage:        0 bytes
 Hardware stack levels used:    1
 This function calls:
		Nothing
 This function is called by:
		_I2C_Read
 This function uses a non-reentrant model


 *************** function _DELAY_ms *****************
 Defined at:
		line 75 in file "delay.c"
 Parameters:    Size  Location     Type
  ms_count        2    2[COMMON] unsigned int 
 Auto vars:     Size  Location     Type
		None
 Return value:  Size  Location     Type
                  1    wreg      void 
 Registers used:
		wreg, status,2, status,0, pclath, cstack
 Tracked objects:
		On entry : 
		On exit  : 
		Unchanged: 
 Data sizes:     COMMON   BANK0   BANK1   BANK3   BANK2
      Params:         2       0       0       0       0
      Locals:         0       0       0       0       0
      Temps:          0       0       0       0       0
      Totals:         2       0       0       0       0
Total ram usage:        2 bytes
 Hardware stack levels used:    1
 Hardware stack levels required when called:    1
 This function calls:
		_DELAY_us
 This function is called by:
		_main
		_DELAY_sec
 This function uses a non-reentrant model


 *************** function _DELAY_us *****************
 Defined at:
		line 56 in file "delay.c"
 Parameters:    Size  Location     Type
  us_count        2    0[COMMON] unsigned int 
 Auto vars:     Size  Location     Type
		None
 Return value:  Size  Location     Type
                  1    wreg      void 
 Registers used:
		wreg, status,2, status,0
 Tracked objects:
		On entry : 
		On exit  : 
		Unchanged: 
 Data sizes:     COMMON   BANK0   BANK1   BANK3   BANK2
      Params:         2       0       0       0       0
      Locals:         0       0       0       0       0
      Temps:          0       0       0       0       0
      Totals:         2       0       0       0       0
Total ram usage:        2 bytes
 Hardware stack levels used:    1
 This function calls:
		Nothing
 This function is called by:
		_main
		_vSendData595
		_DELAY_ms
 This function uses a non-reentrant model



MODULE INFORMATION

Module		Function		Class		Link	Load	Size
delay.c
		_DELAY_ms      		CODE           	04E8	0000	21
		_DELAY_us      		CODE           	04A6	0000	12

delay.c estimated size: 33

IC74hc595.c
		_vSendData595  		CODE           	053C	0000	47

IC74hc595.c estimated size: 47

i2c.c
		_i2c_NoAck     		CODE           	0495	0000	8
		_I2C_Write     		CODE           	04BC	0000	14
		_I2C_Stop      		CODE           	0488	0000	7
		_i2c_Ack       		CODE           	048E	0000	8
		_I2C_Read      		CODE           	04FC	0000	33
		_I2C_Init      		CODE           	04C9	0000	15
		_i2c_WaitForIdle		CODE           	04B1	0000	12
		_I2C_Start     		CODE           	0482	0000	7

i2c.c estimated size: 104

shared
		__initialization		CODE           	07F0	0000	13

shared estimated size: 13

rtc.c
		_RTC_GetDateTime		CODE           	05C4	0000	128
		_RTC_SetDateTime		CODE           	056A	0000	91
		_RTC_Init      		CODE           	051C	0000	33

rtc.c estimated size: 252

main.c
		_main          		CODE           	0643	0000	430

main.c estimated size: 430

