Microchip MPLAB XC8 Compiler V1.43 ()

Linker command line:

-W-3 --edf=/usr/microchip/xc8/v1.43/dat/en_msgs.txt -cs \
  -h+dist/default/production/PIC16F877_RTC.X.production.sym \
  --cmf=dist/default/production/PIC16F877_RTC.X.production.cmf -z -Q16F887 \
  -o/tmp/xcXTnX8Z0 -Mdist/default/production/PIC16F877_RTC.X.production.map \
  -E1 -ver=XC8 -ASTACK=0110h-016fh -pstack=STACK -ACODE=00h-07FFhx4 \
  -ASTRCODE=00h-01FFFh -ASTRING=00h-0FFhx32 -ACONST=00h-0FFhx32 \
  -AENTRY=00h-0FFhx32 -ACOMMON=070h-07Fh -ABANK0=020h-06Fh \
  -ABANK1=0A0h-0EFh -ABANK2=0110h-016Fh -ABANK3=0190h-01EFh \
  -ARAM=020h-06Fh,0A0h-0EFh,0110h-016Fh,0190h-01EFh \
  -AABS1=020h-07Fh,0A0h-0EFh,0110h-016Fh,0190h-01EFh -ASFR0=00h-01Fh \
  -ASFR1=080h-09Fh -ASFR2=0100h-010Fh -ASFR3=0180h-018Fh \
  -preset_vec=00h,intentry,init,end_init -ppowerup=CODE -pcinit=CODE \
  -pfunctab=ENTRY -ACONFIG=02007h-02008h -pconfig=CONFIG -DCONFIG=2 \
  -AIDLOC=02000h-02003h -pidloc=IDLOC -DIDLOC=2 -AEEDATA=00h-0FFh/02100h \
  -peeprom_data=EEDATA -DEEDATA=2 -DCODE=2 -DSTRCODE=2 -DSTRING=2 -DCONST=2 \
  -DENTRY=2 -k /tmp/xcX1ZPint.obj \
  dist/default/production/PIC16F877_RTC.X.production.obj 

Object code version is 3.11

Machine type is 16F887



                Name                               Link     Load   Length Selector   Space Scale
/tmp/xcX1ZPint.obj
                end_init                              0        0        3        0       0
                config                             2007     2007        2     400E       0
dist/default/production/PIC16F877_RTC.X.production.obj
                cinit                               7F0      7F0       10      FE0       0
                text19                              31D      31D        7      63A       0
                text18                              324      324        7      648       0
                text17                              335      335        B      66A       0
                text16                              3B2      3B2       20      764       0
                text15                              311      311        6      622       0
                text14                              317      317        6      62E       0
                text13                              34B      34B        D      696       0
                text12                              58E      58E       7F      B1C       0
                text11                              358      358        E      6B0       0
                text10                              3D2      3D2       20      7A4       0
                text9                               4D0      4D0       5A      9A0       0
                text8                               477      477       59      8EE       0
                text7                               42C      42C       4B      858       0
                text6                               3F2      3F2       3A      7E4       0
                text5                               366      366       11      6CC       0
                text4                               39C      39C       16      738       0
                text3                               340      340        B      680       0
                text2                               388      388       14      710       0
                text1                               52A      52A       64      A54       0
                maintext                            60D      60D      1E3      C1A       0
                cstackBANK0                          20       20       18       20       1
                cstackCOMMON                         70       70        E       70       1
                inittext                            377      377       11      6EE       0
                dataBANK0                            38       38        A       20       1
                idataBANK0                          32B      32B        A      656       0

TOTAL           Name                               Link     Load   Length     Space
        CLASS   STACK          

        CLASS   CODE           
                end_init                              0        0        3         0
                cinit                               7F0      7F0       10         0
                text19                              31D      31D        7         0
                text18                              324      324        7         0
                text17                              335      335        B         0
                text16                              3B2      3B2       20         0
                text15                              311      311        6         0
                text14                              317      317        6         0
                text13                              34B      34B        D         0
                text12                              58E      58E       7F         0
                text11                              358      358        E         0
                text10                              3D2      3D2       20         0
                text9                               4D0      4D0       5A         0
                text8                               477      477       59         0
                text7                               42C      42C       4B         0
                text6                               3F2      3F2       3A         0
                text5                               366      366       11         0
                text4                               39C      39C       16         0
                text3                               340      340        B         0
                text2                               388      388       14         0
                text1                               52A      52A       64         0
                maintext                            60D      60D      1E3         0
                inittext                            377      377       11         0
                idataBANK0                          32B      32B        A         0

        CLASS   STRCODE        

        CLASS   STRING         

        CLASS   CONST          

        CLASS   ENTRY          

        CLASS   COMMON         
                cstackCOMMON                         70       70        E         1

        CLASS   BANK0          
                cstackBANK0                          20       20       18         1
                dataBANK0                            38       38        A         1

        CLASS   BANK1          

        CLASS   BANK2          

        CLASS   BANK3          

        CLASS   RAM            

        CLASS   ABS1           
                abs_s1                               7E       7E        2         1

        CLASS   SFR0           

        CLASS   SFR1           

        CLASS   SFR2           

        CLASS   SFR3           

        CLASS   CONFIG         
                config                             2007     2007        2         0

        CLASS   IDLOC          

        CLASS   EEDATA         



SEGMENTS        Name                           Load    Length   Top    Selector   Space  Class     Delta

                reset_vec                      000000  000003  000003         0       0  CODE        2
                cstackBANK0                    000020  000022  000042        20       1  BANK0       1
                cstackCOMMON                   000070  00000E  00007E        70       1  COMMON      1
                text15                         000311  000006  000317       622       0  CODE        2
                text14                         000317  000006  00031D       62E       0  CODE        2
                text19                         00031D  000007  000324       63A       0  CODE        2
                text18                         000324  000007  00032B       648       0  CODE        2
                idataBANK0                     00032B  00000A  000335       656       0  CODE        2
                text17                         000335  00000B  000340       66A       0  CODE        2
                text3                          000340  00000B  00034B       680       0  CODE        2
                text13                         00034B  00000D  000358       696       0  CODE        2
                text11                         000358  00000E  000366       6B0       0  CODE        2
                text5                          000366  000011  000377       6CC       0  CODE        2
                inittext                       000377  000011  000388       6EE       0  CODE        2
                text2                          000388  000014  00039C       710       0  CODE        2
                text4                          00039C  000016  0003B2       738       0  CODE        2
                text16                         0003B2  000020  0003D2       764       0  CODE        2
                text10                         0003D2  000020  0003F2       7A4       0  CODE        2
                text6                          0003F2  00003A  00042C       7E4       0  CODE        2
                text7                          00042C  00004B  000477       858       0  CODE        2
                text8                          000477  000059  0004D0       8EE       0  CODE        2
                text9                          0004D0  00005A  00052A       9A0       0  CODE        2
                text1                          00052A  000064  00058E       A54       0  CODE        2
                text12                         00058E  00007F  00060D       B1C       0  CODE        2
                maintext                       00060D  0001E3  0007F0       C1A       0  CODE        2
                cinit                          0007F0  000010  000800       FE0       0  CODE        2
                config                         002007  000002  002009      400E       0  CONFIG      2


UNUSED ADDRESS RANGES

        Name                Unused          Largest block    Delta
        BANK0            0042-006F             2E           1
        BANK1            00A0-00EF             50           1
        BANK2            0110-016F             60           1
        BANK3            0190-01EF             60           1
        CODE             0003-0310            30E           2
                         0800-1FFF            800
        CONST            0003-0310            100           2
                         0800-1FFF            100
        EEDATA           2100-21FF            100           2
        ENTRY            0003-0310            100           2
                         0800-1FFF            100
        IDLOC            2000-2003              4           2
        RAM              0042-006F             2E           1
                         00A0-00EF             50
                         0110-016F             60
                         0190-01EF             60
        SFR0             0000-001F             20           1
        SFR1             0080-009F             20           1
        SFR2             0100-010F             10           1
        SFR3             0180-018F             10           1
        STACK            0110-016F             60           1
        STRCODE          0003-0310            30E           2
                         0800-1FFF           1800
        STRING           0003-0310            100           2
                         0800-1FFF            100

                                  Symbol Table

?___awdiv                   cstackCOMMON 0070
?___awmod                   cstackCOMMON 0070
DELAY_ms@ms_count           cstackCOMMON 0072
DELAY_us@us_count           cstackCOMMON 0070
I2C_Read@v_ackOption_u8     cstackCOMMON 0071
I2C_Read@v_i2cData_u8       cstackCOMMON 0072
I2C_Write@v_i2cData_u8      cstackCOMMON 0070
RTC_GetDateTime@rtc         cstackCOMMON 0074
RTC_SetDateTime@rtc         cstackCOMMON 0071
_ACKDT                      (abs)        048D
_ACKEN                      (abs)        048C
_ANSELHbits                 (abs)        0189
_ANSELbits                  (abs)        0188
_BF                         (abs)        04A0
_DELAY_ms                   text2        0388
_DELAY_us                   text3        0340
_I2C_Init                   text11       0358
_I2C_Read                   text16       03B2
_I2C_Start                  text15       0311
_I2C_Stop                   text14       0317
_I2C_Write                  text13       034B
_IOCB                       (abs)        0096
_OPTION_REGbits             (abs)        0081
_PEN                        (abs)        048A
_PORTB                      (abs)        0006
_PORTBbits                  (abs)        0006
_PORTCbits                  (abs)        0007
_PORTD                      (abs)        0008
_RCEN                       (abs)        048B
_RSEN                       (abs)        0489
_RTC_GetDateTime            text12       058E
_RTC_Init                   text10       03D2
_RTC_SetDateTime            text9        04D0
_R_W                        (abs)        04A2
_SEN                        (abs)        0488
_SSPADD                     (abs)        0093
_SSPBUF                     (abs)        0013
_SSPCON                     (abs)        0014
_SSPSTAT                    (abs)        0094
_TRISBbits                  (abs)        0086
_TRISC3                     (abs)        043B
_TRISC4                     (abs)        043C
_TRISCbits                  (abs)        0087
_TRISD                      (abs)        0088
_TRISEbits                  (abs)        0089
_WPUBbits                   (abs)        0095
__CFG_BOREN$OFF             (abs)        0000
__CFG_CP$OFF                (abs)        0000
__CFG_CPD$OFF               (abs)        0000
__CFG_FOSC$HS               (abs)        0000
__CFG_LVP$OFF               (abs)        0000
__CFG_PWRTE$OFF             (abs)        0000
__CFG_WDTE$OFF              (abs)        0000
__CFG_WRT$OFF               (abs)        0000
__Habs1                     abs1         0000
__Hbank0                    bank0        0000
__Hbank1                    bank1        0000
__Hbank2                    bank2        0000
__Hbank3                    bank3        0000
__Hcinit                    cinit        0800
__Hclrtext                  clrtext      0000
__Hcode                     code         0000
__Hcommon                   common       0000
__Hconfig                   config       2009
__HcstackBANK0              cstackBANK0  0000
__HcstackCOMMON             cstackCOMMON 0000
__HdataBANK0                dataBANK0    0000
__Heeprom_data              eeprom_data  0000
__Hend_init                 end_init     0003
__Hfunctab                  functab      0000
__HidataBANK0               idataBANK0   0000
__Hidloc                    idloc        0000
__Hinit                     init         0000
__Hinittext                 inittext     0000
__Hintentry                 intentry     0000
__Hmaintext                 maintext     0000
__Hpowerup                  powerup      0000
__Hram                      ram          0000
__Hreset_vec                reset_vec    0000
__Hsfr0                     sfr0         0000
__Hsfr1                     sfr1         0000
__Hsfr2                     sfr2         0000
__Hsfr3                     sfr3         0000
__Hspace_0                  (abs)        2009
__Hspace_1                  (abs)        007E
__Hspace_2                  (abs)        0000
__Hspace_3                  (abs)        0000
__Hstack                    stack        0000
__Hstrings                  strings      0000
__Htext                     text         0000
__Labs1                     abs1         0000
__Lbank0                    bank0        0000
__Lbank1                    bank1        0000
__Lbank2                    bank2        0000
__Lbank3                    bank3        0000
__Lcinit                    cinit        07F0
__Lclrtext                  clrtext      0000
__Lcode                     code         0000
__Lcommon                   common       0000
__Lconfig                   config       2007
__LcstackBANK0              cstackBANK0  0000
__LcstackCOMMON             cstackCOMMON 0000
__LdataBANK0                dataBANK0    0000
__Leeprom_data              eeprom_data  0000
__Lend_init                 end_init     0000
__Lfunctab                  functab      0000
__LidataBANK0               idataBANK0   0000
__Lidloc                    idloc        0000
__Linit                     init         0000
__Linittext                 inittext     0000
__Lintentry                 intentry     0000
__Lmaintext                 maintext     0000
__Lpowerup                  powerup      0000
__Lram                      ram          0000
__Lreset_vec                reset_vec    0000
__Lsfr0                     sfr0         0000
__Lsfr1                     sfr1         0000
__Lsfr2                     sfr2         0000
__Lsfr3                     sfr3         0000
__Lspace_0                  (abs)        0000
__Lspace_1                  (abs)        0000
__Lspace_2                  (abs)        0000
__Lspace_3                  (abs)        0000
__Lstack                    stack        0000
__Lstrings                  strings      0000
__Ltext                     text         0000
__S0                        (abs)        2009
__S1                        (abs)        007E
__S2                        (abs)        0000
__S3                        (abs)        0000
___awdiv                    text8        0477
___awdiv@counter            cstackCOMMON 0075
___awdiv@dividend           cstackCOMMON 0072
___awdiv@divisor            cstackCOMMON 0070
___awdiv@quotient           cstackCOMMON 0077
___awdiv@sign               cstackCOMMON 0076
___awmod                    text7        042C
___awmod@counter            cstackCOMMON 0075
___awmod@dividend           cstackCOMMON 0072
___awmod@divisor            cstackCOMMON 0070
___awmod@sign               cstackCOMMON 0076
___bmul                     text5        0366
___bmul@multiplicand        cstackCOMMON 0070
___bmul@multiplier          cstackCOMMON 0073
___bmul@product             cstackCOMMON 0072
___int_sp                   stack        0000
___latbits                  (abs)        0002
___sp                       stack        0000
__end_of_DELAY_ms           text2        039C
__end_of_DELAY_us           text3        034B
__end_of_I2C_Init           text11       0366
__end_of_I2C_Read           text16       03D2
__end_of_I2C_Start          text15       0317
__end_of_I2C_Stop           text14       031D
__end_of_I2C_Write          text13       0358
__end_of_RTC_GetDateTime    text12       060D
__end_of_RTC_Init           text10       03F2
__end_of_RTC_SetDateTime    text9        052A
__end_of___awdiv            text8        04D0
__end_of___awmod            text7        0477
__end_of___bmul             text5        0377
__end_of__initialization    cinit        07FC
__end_of_i2c_Ack            text19       0324
__end_of_i2c_NoAck          text18       032B
__end_of_i2c_WaitForIdle    text17       0340
__end_of_main               maintext     07F0
__end_of_ui8Dec2HexDisplay  text6        042C
__end_of_ui8Hex2DECDisplay  text4        03B2
__end_of_vDisplay           text1        058E
__initialization            cinit        07F0
__pcstackBANK0              cstackBANK0  0020
__pcstackCOMMON             cstackCOMMON 0070
__pdataBANK0                dataBANK0    0038
__pidataBANK0               idataBANK0   032B
__pmaintext                 maintext     060D
__ptext1                    text1        052A
__ptext10                   text10       03D2
__ptext11                   text11       0358
__ptext12                   text12       058E
__ptext13                   text13       034B
__ptext14                   text14       0317
__ptext15                   text15       0311
__ptext16                   text16       03B2
__ptext17                   text17       0335
__ptext18                   text18       0324
__ptext19                   text19       031D
__ptext2                    text2        0388
__ptext3                    text3        0340
__ptext4                    text4        039C
__ptext5                    text5        0366
__ptext6                    text6        03F2
__ptext7                    text7        042C
__ptext8                    text8        0477
__ptext9                    text9        04D0
__size_of_DELAY_ms          (abs)        0000
__size_of_DELAY_us          (abs)        0000
__size_of_I2C_Init          (abs)        0000
__size_of_I2C_Read          (abs)        0000
__size_of_I2C_Start         (abs)        0000
__size_of_I2C_Stop          (abs)        0000
__size_of_I2C_Write         (abs)        0000
__size_of_RTC_GetDateTime   (abs)        0000
__size_of_RTC_Init          (abs)        0000
__size_of_RTC_SetDateTime   (abs)        0000
__size_of___awdiv           (abs)        0000
__size_of___awmod           (abs)        0000
__size_of___bmul            (abs)        0000
__size_of_i2c_Ack           (abs)        0000
__size_of_i2c_NoAck         (abs)        0000
__size_of_i2c_WaitForIdle   (abs)        0000
__size_of_main              (abs)        0000
__size_of_ui8Dec2HexDisplay (abs)        0000
__size_of_ui8Hex2DECDisplay (abs)        0000
__size_of_vDisplay          (abs)        0000
_i2c_Ack                    text19       031D
_i2c_NoAck                  text18       0324
_i2c_WaitForIdle            text17       0335
_main                       maintext     060D
_ucBCD_ARR                  dataBANK0    0038
_ui8Dec2HexDisplay          text6        03F2
_ui8Hex2DECDisplay          text4        039C
_vDisplay                   text1        052A
btemp                       (abs)        007E
end_of_initialization       cinit        07FC
init_fetch0                 inittext     0377
init_ram0                   inittext     037B
intlevel0                   functab      0000
intlevel1                   functab      0000
intlevel2                   functab      0000
intlevel3                   functab      0000
intlevel4                   functab      0000
intlevel5                   functab      0000
main@rtc                    cstackBANK0  0031
main@ucDate                 cstackBANK0  002C
main@ucHours                cstackBANK0  002B
main@ucMin                  cstackBANK0  002A
main@ucMonth                cstackBANK0  002D
main@ucSec                  cstackBANK0  002E
main@ucYear                 cstackBANK0  0029
main@ui8SetMode             cstackBANK0  0030
main@ui8SetValue            cstackBANK0  002F
reset_vec                   reset_vec    0000
stackhi                     (abs)        0000
stacklo                     (abs)        0000
start                       init         0000
start_initialization        cinit        07F0
ui8Dec2HexDisplay@ui8Input  cstackBANK0  0021
ui8Dec2HexDisplay@ui8Output cstackBANK0  0020
ui8Dec2HexDisplay@ui8Temp   cstackBANK0  0022
ui8Hex2DECDisplay@ui8Input  cstackCOMMON 0077
ui8Hex2DECDisplay@ui8Temp   cstackCOMMON 0076
vDisplay@ui8First           cstackCOMMON 007D
vDisplay@ui8Fourth          cstackCOMMON 007B
vDisplay@ui8Second          cstackCOMMON 0079
vDisplay@ui8Thrd            cstackCOMMON 007A
wtemp0                      (abs)        007E


FUNCTION INFORMATION:

 *************** function _main *****************
 Defined at:
		line 23 in file "main.c"
 Parameters:    Size  Location     Type
		None
 Auto vars:     Size  Location     Type
  rtc             7   17[BANK0 ] struct .
  ui8SetMode      1   16[BANK0 ] unsigned char 
  ui8SetValue     1   15[BANK0 ] unsigned char 
  ucSec           1   14[BANK0 ] unsigned char 
  ucMonth         1   13[BANK0 ] unsigned char 
  ucDate          1   12[BANK0 ] unsigned char 
  ucHours         1   11[BANK0 ] unsigned char 
  ucMin           1   10[BANK0 ] unsigned char 
  ucYear          1    9[BANK0 ] unsigned char 
 Return value:  Size  Location     Type
                  2   42[None  ] int 
 Registers used:
		wreg, fsr0l, fsr0h, status,2, status,0, pclath, cstack
 Tracked objects:
		On entry : 
		On exit  : 
		Unchanged: 
 Data sizes:     COMMON   BANK0   BANK1   BANK3   BANK2
      Params:         0       0       0       0       0
      Locals:         0      15       0       0       0
      Temps:          0       6       0       0       0
      Totals:         0      21       0       0       0
Total ram usage:       21 bytes
 Hardware stack levels required when called:    3
 This function calls:
		_DELAY_ms
		_RTC_GetDateTime
		_RTC_Init
		_RTC_SetDateTime
		___awdiv
		___awmod
		_ui8Dec2HexDisplay
		_ui8Hex2DECDisplay
		_vDisplay
 This function is called by:
		Startup code after reset
 This function uses a non-reentrant model


 *************** function _vDisplay *****************
 Defined at:
		line 12 in file "display.c"
 Parameters:    Size  Location     Type
  ui8First        1    wreg     unsigned char 
  ui8Second       1    9[COMMON] unsigned char 
  ui8Thrd         1   10[COMMON] unsigned char 
  ui8Fourth       1   11[COMMON] unsigned char 
 Auto vars:     Size  Location     Type
  ui8First        1   13[COMMON] unsigned char 
 Return value:  Size  Location     Type
                  1    wreg      void 
 Registers used:
		wreg, fsr0l, fsr0h, status,2, status,0, pclath, cstack
 Tracked objects:
		On entry : 
		On exit  : 
		Unchanged: 
 Data sizes:     COMMON   BANK0   BANK1   BANK3   BANK2
      Params:         3       0       0       0       0
      Locals:         1       0       0       0       0
      Temps:          1       0       0       0       0
      Totals:         5       0       0       0       0
Total ram usage:        5 bytes
 Hardware stack levels used:    1
 Hardware stack levels required when called:    2
 This function calls:
		_DELAY_ms
 This function is called by:
		_main
 This function uses a non-reentrant model


 *************** function _DELAY_ms *****************
 Defined at:
		line 75 in file "delay.c"
 Parameters:    Size  Location     Type
  ms_count        2    2[COMMON] unsigned int 
 Auto vars:     Size  Location     Type
		None
 Return value:  Size  Location     Type
                  1    wreg      void 
 Registers used:
		wreg, status,2, status,0, pclath, cstack
 Tracked objects:
		On entry : 
		On exit  : 
		Unchanged: 
 Data sizes:     COMMON   BANK0   BANK1   BANK3   BANK2
      Params:         2       0       0       0       0
      Locals:         0       0       0       0       0
      Temps:          0       0       0       0       0
      Totals:         2       0       0       0       0
Total ram usage:        2 bytes
 Hardware stack levels used:    1
 Hardware stack levels required when called:    1
 This function calls:
		_DELAY_us
 This function is called by:
		_main
		_vDisplay
		_DELAY_sec
 This function uses a non-reentrant model


 *************** function _DELAY_us *****************
 Defined at:
		line 56 in file "delay.c"
 Parameters:    Size  Location     Type
  us_count        2    0[COMMON] unsigned int 
 Auto vars:     Size  Location     Type
		None
 Return value:  Size  Location     Type
                  1    wreg      void 
 Registers used:
		wreg, status,2, status,0
 Tracked objects:
		On entry : 
		On exit  : 
		Unchanged: 
 Data sizes:     COMMON   BANK0   BANK1   BANK3   BANK2
      Params:         2       0       0       0       0
      Locals:         0       0       0       0       0
      Temps:          0       0       0       0       0
      Totals:         2       0       0       0       0
Total ram usage:        2 bytes
 Hardware stack levels used:    1
 This function calls:
		Nothing
 This function is called by:
		_DELAY_ms
		_vSendData595
 This function uses a non-reentrant model


 *************** function _ui8Hex2DECDisplay *****************
 Defined at:
		line 50 in file "display.c"
 Parameters:    Size  Location     Type
  ui8Input        1    wreg     unsigned char 
 Auto vars:     Size  Location     Type
  ui8Input        1    7[COMMON] unsigned char 
  ui8Temp         1    6[COMMON] unsigned char 
 Return value:  Size  Location     Type
                  1    wreg      unsigned char 
 Registers used:
		wreg, status,2, status,0, pclath, cstack
 Tracked objects:
		On entry : 
		On exit  : 
		Unchanged: 
 Data sizes:     COMMON   BANK0   BANK1   BANK3   BANK2
      Params:         0       0       0       0       0
      Locals:         2       0       0       0       0
      Temps:          2       0       0       0       0
      Totals:         4       0       0       0       0
Total ram usage:        4 bytes
 Hardware stack levels used:    1
 Hardware stack levels required when called:    1
 This function calls:
		___bmul
 This function is called by:
		_main
 This function uses a non-reentrant model


 *************** function ___bmul *****************
 Defined at:
		line 4 in file "/usr/microchip/xc8/v1.43/sources/common/Umul8.c"
 Parameters:    Size  Location     Type
  multiplier      1    wreg     unsigned char 
  multiplicand    1    0[COMMON] unsigned char 
 Auto vars:     Size  Location     Type
  multiplier      1    3[COMMON] unsigned char 
  product         1    2[COMMON] unsigned char 
 Return value:  Size  Location     Type
                  1    wreg      unsigned char 
 Registers used:
		wreg, status,2, status,0
 Tracked objects:
		On entry : 
		On exit  : 
		Unchanged: 
 Data sizes:     COMMON   BANK0   BANK1   BANK3   BANK2
      Params:         1       0       0       0       0
      Locals:         2       0       0       0       0
      Temps:          1       0       0       0       0
      Totals:         4       0       0       0       0
Total ram usage:        4 bytes
 Hardware stack levels used:    1
 This function calls:
		Nothing
 This function is called by:
		_ui8Hex2DECDisplay
 This function uses a non-reentrant model


 *************** function _ui8Dec2HexDisplay *****************
 Defined at:
		line 35 in file "display.c"
 Parameters:    Size  Location     Type
  ui8Input        1    wreg     unsigned char 
 Auto vars:     Size  Location     Type
  ui8Input        1    1[BANK0 ] unsigned char 
  ui8Temp         1    2[BANK0 ] unsigned char 
  ui8Output       1    0[BANK0 ] unsigned char 
 Return value:  Size  Location     Type
                  1    wreg      unsigned char 
 Registers used:
		wreg, status,2, status,0, pclath, cstack
 Tracked objects:
		On entry : 
		On exit  : 
		Unchanged: 
 Data sizes:     COMMON   BANK0   BANK1   BANK3   BANK2
      Params:         0       0       0       0       0
      Locals:         0       3       0       0       0
      Temps:          3       0       0       0       0
      Totals:         3       3       0       0       0
Total ram usage:        6 bytes
 Hardware stack levels used:    1
 Hardware stack levels required when called:    1
 This function calls:
		___awdiv
		___awmod
 This function is called by:
		_main
 This function uses a non-reentrant model


 *************** function ___awmod *****************
 Defined at:
		line 6 in file "/usr/microchip/xc8/v1.43/sources/common/awmod.c"
 Parameters:    Size  Location     Type
  divisor         2    0[COMMON] int 
  dividend        2    2[COMMON] int 
 Auto vars:     Size  Location     Type
  sign            1    6[COMMON] unsigned char 
  counter         1    5[COMMON] unsigned char 
 Return value:  Size  Location     Type
                  2    0[COMMON] int 
 Registers used:
		wreg, status,2, status,0
 Tracked objects:
		On entry : 
		On exit  : 
		Unchanged: 
 Data sizes:     COMMON   BANK0   BANK1   BANK3   BANK2
      Params:         4       0       0       0       0
      Locals:         2       0       0       0       0
      Temps:          1       0       0       0       0
      Totals:         7       0       0       0       0
Total ram usage:        7 bytes
 Hardware stack levels used:    1
 This function calls:
		Nothing
 This function is called by:
		_main
		_ui8Dec2HexDisplay
		_Binary2BCD
 This function uses a non-reentrant model


 *************** function ___awdiv *****************
 Defined at:
		line 6 in file "/usr/microchip/xc8/v1.43/sources/common/awdiv.c"
 Parameters:    Size  Location     Type
  divisor         2    0[COMMON] int 
  dividend        2    2[COMMON] int 
 Auto vars:     Size  Location     Type
  quotient        2    7[COMMON] int 
  sign            1    6[COMMON] unsigned char 
  counter         1    5[COMMON] unsigned char 
 Return value:  Size  Location     Type
                  2    0[COMMON] int 
 Registers used:
		wreg, status,2, status,0
 Tracked objects:
		On entry : 
		On exit  : 
		Unchanged: 
 Data sizes:     COMMON   BANK0   BANK1   BANK3   BANK2
      Params:         4       0       0       0       0
      Locals:         4       0       0       0       0
      Temps:          1       0       0       0       0
      Totals:         9       0       0       0       0
Total ram usage:        9 bytes
 Hardware stack levels used:    1
 This function calls:
		Nothing
 This function is called by:
		_main
		_ui8Dec2HexDisplay
		_Binary2BCD
 This function uses a non-reentrant model


 *************** function _RTC_SetDateTime *****************
 Defined at:
		line 95 in file "rtc.c"
 Parameters:    Size  Location     Type
  rtc             1    wreg     PTR struct .
		 -> main@rtc(7), 
 Auto vars:     Size  Location     Type
  rtc             1    1[COMMON] PTR struct .
		 -> main@rtc(7), 
 Return value:  Size  Location     Type
                  1    wreg      void 
 Registers used:
		wreg, fsr0l, fsr0h, status,2, status,0, pclath, cstack
 Tracked objects:
		On entry : 
		On exit  : 
		Unchanged: 
 Data sizes:     COMMON   BANK0   BANK1   BANK3   BANK2
      Params:         0       0       0       0       0
      Locals:         1       0       0       0       0
      Temps:          0       0       0       0       0
      Totals:         1       0       0       0       0
Total ram usage:        1 bytes
 Hardware stack levels used:    1
 Hardware stack levels required when called:    2
 This function calls:
		_I2C_Start
		_I2C_Stop
		_I2C_Write
 This function is called by:
		_main
 This function uses a non-reentrant model


 *************** function _RTC_Init *****************
 Defined at:
		line 57 in file "rtc.c"
 Parameters:    Size  Location     Type
		None
 Auto vars:     Size  Location     Type
		None
 Return value:  Size  Location     Type
                  1    wreg      void 
 Registers used:
		wreg, status,2, status,0, pclath, cstack
 Tracked objects:
		On entry : 
		On exit  : 
		Unchanged: 
 Data sizes:     COMMON   BANK0   BANK1   BANK3   BANK2
      Params:         0       0       0       0       0
      Locals:         0       0       0       0       0
      Temps:          0       0       0       0       0
      Totals:         0       0       0       0       0
Total ram usage:        0 bytes
 Hardware stack levels used:    1
 Hardware stack levels required when called:    2
 This function calls:
		_I2C_Init
		_I2C_Start
		_I2C_Stop
		_I2C_Write
 This function is called by:
		_main
 This function uses a non-reentrant model


 *************** function _I2C_Init *****************
 Defined at:
		line 87 in file "i2c.c"
 Parameters:    Size  Location     Type
		None
 Auto vars:     Size  Location     Type
		None
 Return value:  Size  Location     Type
                  1    wreg      void 
 Registers used:
		wreg
 Tracked objects:
		On entry : 
		On exit  : 
		Unchanged: 
 Data sizes:     COMMON   BANK0   BANK1   BANK3   BANK2
      Params:         0       0       0       0       0
      Locals:         0       0       0       0       0
      Temps:          0       0       0       0       0
      Totals:         0       0       0       0       0
Total ram usage:        0 bytes
 Hardware stack levels used:    1
 This function calls:
		Nothing
 This function is called by:
		_RTC_Init
 This function uses a non-reentrant model


 *************** function _RTC_GetDateTime *****************
 Defined at:
		line 131 in file "rtc.c"
 Parameters:    Size  Location     Type
  rtc             1    wreg     PTR struct .
		 -> main@rtc(7), 
 Auto vars:     Size  Location     Type
  rtc             1    4[COMMON] PTR struct .
		 -> main@rtc(7), 
 Return value:  Size  Location     Type
                  1    wreg      void 
 Registers used:
		wreg, fsr0l, fsr0h, status,2, status,0, pclath, cstack
 Tracked objects:
		On entry : 
		On exit  : 
		Unchanged: 
 Data sizes:     COMMON   BANK0   BANK1   BANK3   BANK2
      Params:         0       0       0       0       0
      Locals:         1       0       0       0       0
      Temps:          1       0       0       0       0
      Totals:         2       0       0       0       0
Total ram usage:        2 bytes
 Hardware stack levels used:    1
 Hardware stack levels required when called:    2
 This function calls:
		_I2C_Read
		_I2C_Start
		_I2C_Stop
		_I2C_Write
 This function is called by:
		_main
 This function uses a non-reentrant model


 *************** function _I2C_Write *****************
 Defined at:
		line 179 in file "i2c.c"
 Parameters:    Size  Location     Type
  v_i2cData_u8    1    wreg     unsigned char 
 Auto vars:     Size  Location     Type
  v_i2cData_u8    1    0[COMMON] unsigned char 
 Return value:  Size  Location     Type
                  1    wreg      void 
 Registers used:
		wreg, status,2, status,0, pclath, cstack
 Tracked objects:
		On entry : 
		On exit  : 
		Unchanged: 
 Data sizes:     COMMON   BANK0   BANK1   BANK3   BANK2
      Params:         0       0       0       0       0
      Locals:         1       0       0       0       0
      Temps:          0       0       0       0       0
      Totals:         1       0       0       0       0
Total ram usage:        1 bytes
 Hardware stack levels used:    1
 Hardware stack levels required when called:    1
 This function calls:
		_i2c_WaitForIdle
 This function is called by:
		_RTC_Init
		_RTC_SetDateTime
		_RTC_GetDateTime
 This function uses a non-reentrant model


 *************** function _I2C_Stop *****************
 Defined at:
		line 147 in file "i2c.c"
 Parameters:    Size  Location     Type
		None
 Auto vars:     Size  Location     Type
		None
 Return value:  Size  Location     Type
                  1    wreg      void 
 Registers used:
		None
 Tracked objects:
		On entry : 
		On exit  : 
		Unchanged: 
 Data sizes:     COMMON   BANK0   BANK1   BANK3   BANK2
      Params:         0       0       0       0       0
      Locals:         0       0       0       0       0
      Temps:          0       0       0       0       0
      Totals:         0       0       0       0       0
Total ram usage:        0 bytes
 Hardware stack levels used:    1
 This function calls:
		Nothing
 This function is called by:
		_RTC_Init
		_RTC_SetDateTime
		_RTC_GetDateTime
 This function uses a non-reentrant model


 *************** function _I2C_Start *****************
 Defined at:
		line 118 in file "i2c.c"
 Parameters:    Size  Location     Type
		None
 Auto vars:     Size  Location     Type
		None
 Return value:  Size  Location     Type
                  1    wreg      void 
 Registers used:
		None
 Tracked objects:
		On entry : 
		On exit  : 
		Unchanged: 
 Data sizes:     COMMON   BANK0   BANK1   BANK3   BANK2
      Params:         0       0       0       0       0
      Locals:         0       0       0       0       0
      Temps:          0       0       0       0       0
      Totals:         0       0       0       0       0
Total ram usage:        0 bytes
 Hardware stack levels used:    1
 This function calls:
		Nothing
 This function is called by:
		_RTC_Init
		_RTC_SetDateTime
		_RTC_GetDateTime
 This function uses a non-reentrant model


 *************** function _I2C_Read *****************
 Defined at:
		line 214 in file "i2c.c"
 Parameters:    Size  Location     Type
  v_ackOption_    1    wreg     unsigned char 
 Auto vars:     Size  Location     Type
  v_ackOption_    1    1[COMMON] unsigned char 
  v_i2cData_u8    1    2[COMMON] unsigned char 
 Return value:  Size  Location     Type
                  1    wreg      unsigned char 
 Registers used:
		wreg, status,2, status,0, pclath, cstack
 Tracked objects:
		On entry : 
		On exit  : 
		Unchanged: 
 Data sizes:     COMMON   BANK0   BANK1   BANK3   BANK2
      Params:         0       0       0       0       0
      Locals:         2       0       0       0       0
      Temps:          1       0       0       0       0
      Totals:         3       0       0       0       0
Total ram usage:        3 bytes
 Hardware stack levels used:    1
 Hardware stack levels required when called:    1
 This function calls:
		_i2c_Ack
		_i2c_NoAck
		_i2c_WaitForIdle
 This function is called by:
		_RTC_GetDateTime
 This function uses a non-reentrant model


 *************** function _i2c_WaitForIdle *****************
 Defined at:
		line 258 in file "i2c.c"
 Parameters:    Size  Location     Type
		None
 Auto vars:     Size  Location     Type
		None
 Return value:  Size  Location     Type
                  1    wreg      void 
 Registers used:
		None
 Tracked objects:
		On entry : 
		On exit  : 
		Unchanged: 
 Data sizes:     COMMON   BANK0   BANK1   BANK3   BANK2
      Params:         0       0       0       0       0
      Locals:         0       0       0       0       0
      Temps:          0       0       0       0       0
      Totals:         0       0       0       0       0
Total ram usage:        0 bytes
 Hardware stack levels used:    1
 This function calls:
		Nothing
 This function is called by:
		_I2C_Write
		_I2C_Read
 This function uses a non-reentrant model


 *************** function _i2c_NoAck *****************
 Defined at:
		line 299 in file "i2c.c"
 Parameters:    Size  Location     Type
		None
 Auto vars:     Size  Location     Type
		None
 Return value:  Size  Location     Type
                  1    wreg      void 
 Registers used:
		None
 Tracked objects:
		On entry : 
		On exit  : 
		Unchanged: 
 Data sizes:     COMMON   BANK0   BANK1   BANK3   BANK2
      Params:         0       0       0       0       0
      Locals:         0       0       0       0       0
      Temps:          0       0       0       0       0
      Totals:         0       0       0       0       0
Total ram usage:        0 bytes
 Hardware stack levels used:    1
 This function calls:
		Nothing
 This function is called by:
		_I2C_Read
 This function uses a non-reentrant model


 *************** function _i2c_Ack *****************
 Defined at:
		line 279 in file "i2c.c"
 Parameters:    Size  Location     Type
		None
 Auto vars:     Size  Location     Type
		None
 Return value:  Size  Location     Type
                  1    wreg      void 
 Registers used:
		None
 Tracked objects:
		On entry : 
		On exit  : 
		Unchanged: 
 Data sizes:     COMMON   BANK0   BANK1   BANK3   BANK2
      Params:         0       0       0       0       0
      Locals:         0       0       0       0       0
      Temps:          0       0       0       0       0
      Totals:         0       0       0       0       0
Total ram usage:        0 bytes
 Hardware stack levels used:    1
 This function calls:
		Nothing
 This function is called by:
		_I2C_Read
 This function uses a non-reentrant model



MODULE INFORMATION

Module		Function		Class		Link	Load	Size
/usr/microchip/xc8/v1.43/sources/common/awmod.c
		___awmod       		CODE           	042C	0000	76

/usr/microchip/xc8/v1.43/sources/common/awmod.c estimated size: 76

delay.c
		_DELAY_ms      		CODE           	0388	0000	21
		_DELAY_us      		CODE           	0340	0000	12

delay.c estimated size: 33

/usr/microchip/xc8/v1.43/sources/common/Umul8.c
		___bmul        		CODE           	0366	0000	18

/usr/microchip/xc8/v1.43/sources/common/Umul8.c estimated size: 18

i2c.c
		_i2c_NoAck     		CODE           	0324	0000	8
		_I2C_Write     		CODE           	034B	0000	14
		_I2C_Stop      		CODE           	0317	0000	7
		_i2c_Ack       		CODE           	031D	0000	8
		_I2C_Read      		CODE           	03B2	0000	33
		_I2C_Init      		CODE           	0358	0000	15
		_i2c_WaitForIdle		CODE           	0335	0000	12
		_I2C_Start     		CODE           	0311	0000	7

i2c.c estimated size: 104

/usr/microchip/xc8/v1.43/sources/common/awdiv.c
		___awdiv       		CODE           	0477	0000	90

/usr/microchip/xc8/v1.43/sources/common/awdiv.c estimated size: 90

shared
		__initialization		CODE           	07F0	0000	13

shared estimated size: 13

rtc.c
		_RTC_GetDateTime		CODE           	058E	0000	128
		_RTC_SetDateTime		CODE           	04D0	0000	91
		_RTC_Init      		CODE           	03D2	0000	33

rtc.c estimated size: 252

display.c
		_ui8Dec2HexDisplay		CODE           	03F2	0000	59
		_vDisplay      		CODE           	052A	0000	101
		_ui8Hex2DECDisplay		CODE           	039C	0000	23

display.c estimated size: 183

main.c
		_main          		CODE           	060D	0000	484

main.c estimated size: 484

